Archive member included to satisfy reference by file (symbol)

/usr/lib/gcc/avr/4.9.2/../../../../avr/lib/avr5/libm.a(addsf3.o)
                              sensors/hmc5883l.o (__subsf3)
/usr/lib/gcc/avr/4.9.2/../../../../avr/lib/avr5/libm.a(addsf3x.o)
                              /usr/lib/gcc/avr/4.9.2/../../../../avr/lib/avr5/libm.a(addsf3.o) (__addsf3x)
/usr/lib/gcc/avr/4.9.2/../../../../avr/lib/avr5/libm.a(cmpsf2.o)
                              ahrs/quaternion.o (__eqsf2)
/usr/lib/gcc/avr/4.9.2/../../../../avr/lib/avr5/libm.a(cos.o)
                              ahrs/quaternion.o (cos)
/usr/lib/gcc/avr/4.9.2/../../../../avr/lib/avr5/libm.a(divsf3.o)
                              ahrs/vector.o (__divsf3)
/usr/lib/gcc/avr/4.9.2/../../../../avr/lib/avr5/libm.a(divsf3x.o)
                              /usr/lib/gcc/avr/4.9.2/../../../../avr/lib/avr5/libm.a(divsf3.o) (__divsf3x)
/usr/lib/gcc/avr/4.9.2/../../../../avr/lib/avr5/libm.a(fixunssfsi.o)
                              data/data.o (__fixunssfsi)
/usr/lib/gcc/avr/4.9.2/../../../../avr/lib/avr5/libm.a(floatsisf.o)
                              data/data.o (__floatunsisf)
/usr/lib/gcc/avr/4.9.2/../../../../avr/lib/avr5/libm.a(fp_cmp.o)
                              /usr/lib/gcc/avr/4.9.2/../../../../avr/lib/avr5/libm.a(cmpsf2.o) (__fp_cmp)
/usr/lib/gcc/avr/4.9.2/../../../../avr/lib/avr5/libm.a(fp_inf.o)
                              /usr/lib/gcc/avr/4.9.2/../../../../avr/lib/avr5/libm.a(addsf3x.o) (__fp_inf)
/usr/lib/gcc/avr/4.9.2/../../../../avr/lib/avr5/libm.a(fp_nan.o)
                              /usr/lib/gcc/avr/4.9.2/../../../../avr/lib/avr5/libm.a(addsf3x.o) (__fp_nan)
/usr/lib/gcc/avr/4.9.2/../../../../avr/lib/avr5/libm.a(fp_pscA.o)
                              /usr/lib/gcc/avr/4.9.2/../../../../avr/lib/avr5/libm.a(addsf3x.o) (__fp_pscA)
/usr/lib/gcc/avr/4.9.2/../../../../avr/lib/avr5/libm.a(fp_pscB.o)
                              /usr/lib/gcc/avr/4.9.2/../../../../avr/lib/avr5/libm.a(addsf3x.o) (__fp_pscB)
/usr/lib/gcc/avr/4.9.2/../../../../avr/lib/avr5/libm.a(fp_rempio2.o)
                              /usr/lib/gcc/avr/4.9.2/../../../../avr/lib/avr5/libm.a(cos.o) (__fp_rempio2)
/usr/lib/gcc/avr/4.9.2/../../../../avr/lib/avr5/libm.a(fp_round.o)
                              /usr/lib/gcc/avr/4.9.2/../../../../avr/lib/avr5/libm.a(addsf3.o) (__fp_round)
/usr/lib/gcc/avr/4.9.2/../../../../avr/lib/avr5/libm.a(fp_sinus.o)
                              /usr/lib/gcc/avr/4.9.2/../../../../avr/lib/avr5/libm.a(cos.o) (__fp_sinus)
/usr/lib/gcc/avr/4.9.2/../../../../avr/lib/avr5/libm.a(fp_split3.o)
                              /usr/lib/gcc/avr/4.9.2/../../../../avr/lib/avr5/libm.a(addsf3x.o) (__fp_split3)
/usr/lib/gcc/avr/4.9.2/../../../../avr/lib/avr5/libm.a(fp_zero.o)
                              /usr/lib/gcc/avr/4.9.2/../../../../avr/lib/avr5/libm.a(addsf3x.o) (__fp_zero)
/usr/lib/gcc/avr/4.9.2/../../../../avr/lib/avr5/libm.a(gesf2.o)
                              ahrs/quaternion.o (__gtsf2)
/usr/lib/gcc/avr/4.9.2/../../../../avr/lib/avr5/libm.a(mulsf3.o)
                              sensors/adxl345.o (__mulsf3)
/usr/lib/gcc/avr/4.9.2/../../../../avr/lib/avr5/libm.a(mulsf3x.o)
                              /usr/lib/gcc/avr/4.9.2/../../../../avr/lib/avr5/libm.a(mulsf3.o) (__mulsf3x)
/usr/lib/gcc/avr/4.9.2/../../../../avr/lib/avr5/libm.a(sin.o)
                              ahrs/quaternion.o (sin)
/usr/lib/gcc/avr/4.9.2/../../../../avr/lib/avr5/libm.a(sqrt.o)
                              ahrs/vector.o (sqrt)
/usr/lib/gcc/avr/4.9.2/../../../../avr/lib/avr5/libm.a(fp_mpack.o)
                              /usr/lib/gcc/avr/4.9.2/../../../../avr/lib/avr5/libm.a(sqrt.o) (__fp_mpack)
/usr/lib/gcc/avr/4.9.2/../../../../avr/lib/avr5/libm.a(fp_norm2.o)
                              /usr/lib/gcc/avr/4.9.2/../../../../avr/lib/avr5/libm.a(sqrt.o) (__fp_norm2)
/usr/lib/gcc/avr/4.9.2/../../../../avr/lib/avr5/libm.a(fp_powsodd.o)
                              /usr/lib/gcc/avr/4.9.2/../../../../avr/lib/avr5/libm.a(fp_sinus.o) (__fp_powsodd)
/usr/lib/gcc/avr/4.9.2/../../../../avr/lib/avr5/libm.a(fp_powser.o)
                              /usr/lib/gcc/avr/4.9.2/../../../../avr/lib/avr5/libm.a(fp_powsodd.o) (__fp_powser)
/usr/lib/gcc/avr/4.9.2/avr5/libgcc.a(_udivmodhi4.o)
                              u8g_src/u8g_u16toa.o (__udivmodhi4)
/usr/lib/gcc/avr/4.9.2/avr5/libgcc.a(_divmodhi4.o)
                              u8g_src/u8g_polygon.o (__divmodhi4)
/usr/lib/gcc/avr/4.9.2/avr5/libgcc.a(_exit.o)
                              /usr/lib/gcc/avr/4.9.2/../../../../avr/lib/avr5/crtm32u4.o (exit)
/usr/lib/gcc/avr/4.9.2/avr5/libgcc.a(_tablejump2.o)
                              u8g_src/u8g_com_atmega_parallel.o (__tablejump2__)
/usr/lib/gcc/avr/4.9.2/avr5/libgcc.a(_copy_data.o)
                              u8g_src/u8g_dev_st7687_c144mvgd.o (__do_copy_data)
/usr/lib/gcc/avr/4.9.2/avr5/libgcc.a(_clear_bss.o)
[...]
Memory Configuration

Name             Origin             Length             Attributes
text             0x0000000000000000 0x0000000000020000 xr
data             0x0000000000800060 0x000000000000ffa0 rw !x
eeprom           0x0000000000810000 0x0000000000010000 rw !x
fuse             0x0000000000820000 0x0000000000000400 rw !x
lock             0x0000000000830000 0x0000000000000400 rw !x
signature        0x0000000000840000 0x0000000000000400 rw !x
*default*        0x0000000000000000 0xffffffffffffffff

Linker script and memory map

Address of section .data set to 0x800100
LOAD /usr/lib/gcc/avr/4.9.2/../../../../avr/lib/avr5/crtm32u4.o
LOAD u8g_src/u8g_dev_st7687_c144mvgd.o
LOAD u8g_src/u8g_dev_sbn1661_122x32.o
LOAD u8g_src/u8g_font_data.o
LOAD u8g_src/u8g_dev_uc1701_dogs102.o
LOAD u8g_src/u8g_com_null.o
LOAD u8g_src/u8g_state.o
LOAD u8g_src/u8g_pb8h1f.o
LOAD u8g_src/u8g_dev_ssd1325_nhd27oled_bw.o
LOAD u8g_src/u8g_com_arduino_std_sw_spi.o
LOAD u8g_src/u8g_dev_t6963_128x128.o
LOAD u8g_src/u8g_pb.o
LOAD u8g_src/u8g_line.o
LOAD u8g_src/u8g_com_api.o
LOAD u8g_src/u8g_dev_tls8204_84x48.o
LOAD u8g_src/u8g_dev_uc1701_mini12864.o
LOAD u8g_src/u8g_com_arduino_parallel.o
LOAD u8g_src/u8g_dev_ssd1325_nhd27oled_gr.o
LOAD u8g_src/u8g_pb16h1.o
LOAD u8g_src/u8g_dev_ili9325d_320x240.o
LOAD u8g_src/u8g_dev_st7920_202x32.o
LOAD u8g_src/u8g_com_arduino_st7920_spi.o
LOAD u8g_src/u8g_com_arduino_no_en_parallel.o
LOAD u8g_src/u8g_pb14v1.o
LOAD u8g_src/u8g_dev_st7565_lm6063.o
LOAD u8g_src/u8g_com_atmega_parallel.o
LOAD u8g_src/u8g_dev_a2_micro_printer.o
LOAD u8g_src/u8g_dev_pcd8544_84x48.o
LOAD u8g_src/u8g_com_arduino_common.o
LOAD u8g_src/u8g_dev_st7920_128x64.o
LOAD u8g_src/u8g_dev_st7565_dogm128.o
LOAD u8g_src/u8g_dev_st7565_lm6059.o
LOAD u8g_src/u8g_com_arduino_t6963.o
LOAD u8g_src/u8g_com_api_16gr.o
LOAD u8g_src/u8g_dev_uc1601_c128032.o
LOAD u8g_src/u8g_circle.o
LOAD u8g_src/u8g_delay.o
LOAD u8g_src/u8g_dev_ssd1322_nhd31oled_bw.o
LOAD u8g_src/u8g_dev_uc1608_240x128.o
LOAD u8g_src/u8g_com_raspberrypi_ssd_i2c.o
LOAD u8g_src/u8g_com_arduino_uc_i2c.o
LOAD u8g_src/u8g_clip.o
LOAD u8g_src/u8g_pb16v1.o
LOAD u8g_src/u8g_pb16v2.o
LOAD u8g_src/u8g_dev_uc1611_dogm240.o
LOAD u8g_src/u8g_dev_ks0108_128x64.o
LOAD u8g_src/u8g_com_i2c.o
LOAD u8g_src/u8g_dev_gprof.o
LOAD u8g_src/u8g_dev_ld7032_60x32.o
LOAD u8g_src/u8g_dev_t6963_240x128.o
LOAD u8g_src/u8g_dev_ssd1351_128x128.o
LOAD u8g_src/u8g_pbxh24.o
LOAD u8g_src/u8g_com_atmega_st7920_spi.o
LOAD u8g_src/u8g_dev_st7565_dogm132.o
LOAD u8g_src/u8g_dev_ssd1325_nhd27oled_gr_new.o
LOAD u8g_src/u8g_com_arduino_attiny85_hw_spi.o
LOAD u8g_src/u8g_u16toa.o
LOAD u8g_src/u8g_bitmap.o
LOAD u8g_src/u8g_com_arduino_hw_spi.o
LOAD u8g_src/u8g_ellipse.o
LOAD u8g_src/u8g_u8toa.o
LOAD u8g_src/u8g_pb8v2.o
LOAD u8g_src/u8g_dev_lc7981_160x80.o
LOAD u8g_src/u8g_dev_flipdisc_2x7.o
LOAD u8g_src/u8g_pbxh16.o
LOAD u8g_src/u8g_dev_lc7981_240x64.o
LOAD u8g_src/u8g_dev_ssd1327_96x96_gr.o
LOAD u8g_src/u8g_ll_api.o
LOAD u8g_src/u8g_dev_st7920_192x32.o
LOAD u8g_src/u8g_com_raspberrypi_hw_spi.o
LOAD u8g_src/u8g_pb8v1.o
LOAD u8g_src/u8g_dev_st7565_64128n.o
LOAD u8g_src/u8g_dev_t6963_128x64.o
LOAD u8g_src/u8g_pb8h2.o
LOAD u8g_src/u8g_com_io.o
LOAD u8g_src/u8g_pb8h1.o
LOAD u8g_src/u8g_virtual_screen.o
LOAD u8g_src/u8g_com_atmega_hw_spi.o
LOAD u8g_src/chessengine.o
LOAD u8g_src/u8g_polygon.o
LOAD u8g_src/u8g_dev_ssd1306_128x64.o
LOAD u8g_src/u8g_scale.o
LOAD u8g_src/u8g_dev_ssd1309_128x64.o
LOAD u8g_src/u8g_dev_ht1632.o
LOAD u8g_src/u8g_rect.o
LOAD u8g_src/u8g_dev_ssd1322_nhd31oled_gr.o
LOAD u8g_src/u8g_pb32h1.o
LOAD u8g_src/u8g_font.o
LOAD u8g_src/u8g_com_arduino_st7920_hw_spi.o
LOAD u8g_src/u8g_com_arduino_fast_parallel.o
LOAD u8g_src/u8g_pb16h2.o
LOAD u8g_src/u8g_dev_t6963_240x64.o
LOAD u8g_src/u8g_com_arduino_sw_spi.o
LOAD u8g_src/u8g_dev_lc7981_320x64.o
LOAD u8g_src/u8g_dev_st7565_nhd_c12832.o
LOAD u8g_src/u8g_dev_ssd1306_128x32.o
LOAD u8g_src/u8g_pb8h8.o
LOAD u8g_src/u8g_dev_uc1608_240x64.o
LOAD u8g_src/u8g_page.o
LOAD u8g_src/u8g_com_arduino_st7920_custom.o
LOAD u8g_src/u8g_dev_uc1610_dogxl160.o
LOAD u8g_src/u8g_com_atmega_sw_spi.o
LOAD u8g_src/u8g_com_arduino_port_d_wr.o
LOAD u8g_src/u8g_dev_lc7981_240x128.o
LOAD u8g_src/u8g_dev_pcf8812_96x65.o
LOAD u8g_src/u8g_dev_uc1611_dogxl240.o
LOAD u8g_src/u8g_dev_null.o
LOAD u8g_src/u8g_cursor.o
LOAD u8g_src/u8g_com_arduino_ssd_i2c.o
LOAD u8g_src/u8g_rot.o
LOAD u8g_src/u8g_dev_ssd1325_nhd27oled_bw_new.o
LOAD u8g_src/u8g_dev_st7565_nhd_c12864.o
LOAD u8g_src/u8g_com_atmega_st7920_hw_spi.o
LOAD u8g_src/u8g_com_arduino_hw_usart_spi.o
LOAD sensors/adxl345.o
LOAD sensors/hmc5883l.o
LOAD sensors/l3g4200d.o
LOAD data/data.o
LOAD ahrs/display.o
LOAD ahrs/vector.o
LOAD ahrs/matrix.o
LOAD ahrs/ahrs.o
LOAD ahrs/quaternion.o
LOAD buttons/buttons.o
LOAD GenericHID.o
LOAD Descriptors.o
LOAD /home/Finland/AR_VR/AVR/LUFA-130901/LUFA/Drivers/USB/Class/Common/HIDParser.o
LOAD /home/Finland/AR_VR/AVR/LUFA-130901/LUFA/Drivers/USB/Core/AVR8/Device_AVR8.o
LOAD /home/Finland/AR_VR/AVR/LUFA-130901/LUFA/Drivers/USB/Core/AVR8/EndpointStream_AVR8.o
LOAD /home/Finland/AR_VR/AVR/LUFA-130901/LUFA/Drivers/USB/Core/AVR8/Endpoint_AVR8.o
LOAD /home/Finland/AR_VR/AVR/LUFA-130901/LUFA/Drivers/USB/Core/AVR8/Host_AVR8.o
LOAD /home/Finland/AR_VR/AVR/LUFA-130901/LUFA/Drivers/USB/Core/AVR8/PipeStream_AVR8.o
LOAD /home/Finland/AR_VR/AVR/LUFA-130901/LUFA/Drivers/USB/Core/AVR8/Pipe_AVR8.o
LOAD /home/Finland/AR_VR/AVR/LUFA-130901/LUFA/Drivers/USB/Core/AVR8/USBController_AVR8.o
LOAD /home/Finland/AR_VR/AVR/LUFA-130901/LUFA/Drivers/USB/Core/AVR8/USBInterrupt_AVR8.o
LOAD /home/Finland/AR_VR/AVR/LUFA-130901/LUFA/Drivers/USB/Core/ConfigDescriptors.o
LOAD /home/Finland/AR_VR/AVR/LUFA-130901/LUFA/Drivers/USB/Core/DeviceStandardReq.o
LOAD /home/Finland/AR_VR/AVR/LUFA-130901/LUFA/Drivers/USB/Core/Events.o
LOAD /home/Finland/AR_VR/AVR/LUFA-130901/LUFA/Drivers/USB/Core/HostStandardReq.o
LOAD /home/Finland/AR_VR/AVR/LUFA-130901/LUFA/Drivers/USB/Core/USBTask.o
LOAD /home/Finland/AR_VR/AVR/LUFA-130901/LUFA/Drivers/Peripheral/AVR8/TWI_AVR8.o
LOAD /usr/lib/gcc/avr/4.9.2/../../../../avr/lib/avr5/libm.a
START GROUP
LOAD /usr/lib/gcc/avr/4.9.2/avr5/libgcc.a
LOAD /usr/lib/gcc/avr/4.9.2/../../../../avr/lib/avr5/libm.a
LOAD /usr/lib/gcc/avr/4.9.2/../../../../avr/lib/avr5/libc.a
END GROUP

.hash
 *(.hash)

.dynsym
 *(.dynsym)

.dynstr
 *(.dynstr)

.gnu.version
 *(.gnu.version)

.gnu.version_d
 *(.gnu.version_d)

.gnu.version_r
 *(.gnu.version_r)

.rel.init
 *(.rel.init)

.rela.init
 *(.rela.init)

.rel.text
 *(.rel.text)
 *(.rel.text.*)
 *(.rel.gnu.linkonce.t*)

.rela.text
 *(.rela.text)
 *(.rela.text.*)
 *(.rela.gnu.linkonce.t*)

.rel.fini
 *(.rel.fini)

.rela.fini
 *(.rela.fini)

.rel.rodata
 *(.rel.rodata)
 *(.rel.rodata.*)
 *(.rel.gnu.linkonce.r*)

.rela.rodata
 *(.rela.rodata)
 *(.rela.rodata.*)
 *(.rela.gnu.linkonce.r*)

.rel.data
 *(.rel.data)
 *(.rel.data.*)
 *(.rel.gnu.linkonce.d*)

.rela.data
 *(.rela.data)
 *(.rela.data.*)
 *(.rela.gnu.linkonce.d*)

.rel.ctors
 *(.rel.ctors)

.rela.ctors
 *(.rela.ctors)

.rel.dtors
 *(.rel.dtors)

.rela.dtors
 *(.rela.dtors)

.rel.got
 *(.rel.got)

.rela.got
 *(.rela.got)

.rel.bss
 *(.rel.bss)

.rela.bss
 *(.rela.bss)

.rel.plt
 *(.rel.plt)

.rela.plt
 *(.rela.plt)

.text           0x0000000000000000     0x6b46
 *(.vectors)
 .vectors       0x0000000000000000       0xac /usr/lib/gcc/avr/4.9.2/../../../../avr/lib/avr5/crtm32u4.o
                0x0000000000000000                __vectors
                0x0000000000000000                __vector_default
 *(.vectors)
 *(.progmem.gcc*)
 .progmem.gcc_sw_table.u8g_com_atmega_sw_spi_fn
                0x00000000000000ac        0xe u8g_src/u8g_com_atmega_sw_spi.o
 .progmem.gcc_sw_table.USB_Device_ProcessControlRequest
                0x00000000000000ba       0x14 /home/Finland/AR_VR/AVR/LUFA-130901/LUFA/Drivers/USB/Core/DeviceStandardReq.o
 .progmem.gcc_fplib
                0x00000000000000ce       0x1e /usr/lib/gcc/avr/4.9.2/../../../../avr/lib/avr5/libm.a(fp_sinus.o)
                0x00000000000000ec                . = ALIGN (0x2)
                0x00000000000000ec                __trampolines_start = .
 *(.trampolines)
 .trampolines   0x00000000000000ec        0x0 linker stubs
 *(.trampolines*)
                0x00000000000000ec                __trampolines_end = .
 *(.progmem*)
 .progmem.u8g_font_gdr20r
                0x00000000000000ec     0x1088 u8g_src/u8g_font_data.o
                0x00000000000000ec                u8g_font_gdr20r
 .progmem.u8g_font_gdr10r
                0x0000000000001174      0x6bb u8g_src/u8g_font_data.o
                0x0000000000001174                u8g_font_gdr10r
 .progmem.data.u8g_avr_port_P
                0x000000000000182f        0xc u8g_src/u8g_com_io.o
                0x000000000000182f                u8g_avr_port_P
 .progmem.data.u8g_avr_ddr_P
                0x000000000000183b        0xc u8g_src/u8g_com_io.o
                0x000000000000183b                u8g_avr_ddr_P
 .progmem.data.u8g_dev_ssd13xx_sleep_off
                0x0000000000001847        0xb u8g_src/u8g_dev_ssd1306_128x64.o
 .progmem.data.u8g_dev_ssd13xx_sleep_on
                0x0000000000001852        0x9 u8g_src/u8g_dev_ssd1306_128x64.o
 .progmem.data.u8g_dev_sh1106_128x64_data_start
                0x000000000000185b        0x8 u8g_src/u8g_dev_ssd1306_128x64.o
 .progmem.data.u8g_dev_ssd1306_128x64_adafruit3_init_seq
                0x0000000000001863       0x26 u8g_src/u8g_dev_ssd1306_128x64.o
 .progmem.data.ProductString
                0x0000000000001889       0x2e Descriptors.o
                0x0000000000001889                ProductString
 .progmem.data.ManufacturerString
                0x00000000000018b7       0x1a Descriptors.o
                0x00000000000018b7                ManufacturerString
 .progmem.data.LanguageString
                0x00000000000018d1        0x4 Descriptors.o
                0x00000000000018d1                LanguageString
 .progmem.data.ConfigurationDescriptor
                0x00000000000018d5       0x29 Descriptors.o
                0x00000000000018d5                ConfigurationDescriptor
 .progmem.data.DeviceDescriptor
                0x00000000000018fe       0x12 Descriptors.o
                0x00000000000018fe                DeviceDescriptor
 .progmem.data.GenericReport
                0x0000000000001910       0x20 Descriptors.o
                0x0000000000001910                GenericReport
                0x0000000000001930                . = ALIGN (0x2)
 *(.jumptables)
 *(.jumptables*)
 *(.lowtext)
 *(.lowtext*)
                0x0000000000001930                __ctors_start = .
 *(.ctors)
                0x0000000000001930                __ctors_end = .
                0x0000000000001930                __dtors_start = .
 *(.dtors)
                0x0000000000001930                __dtors_end = .
 SORT(*)(.ctors)
 SORT(*)(.dtors)
 *(.init0)
 .init0         0x0000000000001930        0x0 /usr/lib/gcc/avr/4.9.2/../../../../avr/lib/avr5/crtm32u4.o
                0x0000000000001930                __init
 *(.init0)
 *(.init1)
 *(.init1)
 *(.init2)
 .init2         0x0000000000001930        0xc /usr/lib/gcc/avr/4.9.2/../../../../avr/lib/avr5/crtm32u4.o
 *(.init2)
 *(.init3)
 *(.init3)
 *(.init4)
 .init4         0x000000000000193c       0x16 /usr/lib/gcc/avr/4.9.2/avr5/libgcc.a(_copy_data.o)
                0x000000000000193c                __do_copy_data
 .init4         0x0000000000001952       0x10 /usr/lib/gcc/avr/4.9.2/avr5/libgcc.a(_clear_bss.o)
                0x0000000000001952                __do_clear_bss
 *(.init4)
 *(.init5)
 *(.init5)
 *(.init6)
 *(.init6)
 *(.init7)
 *(.init7)
 *(.init8)
 *(.init8)
 *(.init9)
 .init9         0x0000000000001962        0x8 /usr/lib/gcc/avr/4.9.2/../../../../avr/lib/avr5/crtm32u4.o
 *(.init9)
 *(.text)
 .text          0x000000000000196a        0x4 /usr/lib/gcc/avr/4.9.2/../../../../avr/lib/avr5/crtm32u4.o
                0x000000000000196a                __vector_38
                0x000000000000196a                __vector_22
                0x000000000000196a                __vector_28
                0x000000000000196a                __vector_1
                0x000000000000196a                __vector_32
                0x000000000000196a                __vector_34
                0x000000000000196a                __vector_24
                0x000000000000196a                __vector_12
                0x000000000000196a                __bad_interrupt
                0x000000000000196a                __vector_6
                0x000000000000196a                __vector_31
                0x000000000000196a                __vector_35
                0x000000000000196a                __vector_39
                0x000000000000196a                __vector_3
                0x000000000000196a                __vector_23
                0x000000000000196a                __vector_30
                0x000000000000196a                __vector_25
                0x000000000000196a                __vector_11
                0x000000000000196a                __vector_13
                0x000000000000196a                __vector_17
                0x000000000000196a                __vector_19
                0x000000000000196a                __vector_7
                0x000000000000196a                __vector_41
                0x000000000000196a                __vector_27
                0x000000000000196a                __vector_5
                0x000000000000196a                __vector_33
                0x000000000000196a                __vector_37
                0x000000000000196a                __vector_4
                0x000000000000196a                __vector_9
                0x000000000000196a                __vector_2
                0x000000000000196a                __vector_21
                0x000000000000196a                __vector_15
                0x000000000000196a                __vector_36
                0x000000000000196a                __vector_29
                0x000000000000196a                __vector_40
                0x000000000000196a                __vector_8
                0x000000000000196a                __vector_26
                0x000000000000196a                __vector_14
                0x000000000000196a                __vector_16
                0x000000000000196a                __vector_18
                0x000000000000196a                __vector_20
                0x000000000000196a                __vector_42
                0x000000000000196e                . = ALIGN (0x2)
 *(.text.*)
 .text.u8g_state_dummy_cb
                0x000000000000196e        0x2 u8g_src/u8g_state.o
                0x000000000000196e                u8g_state_dummy_cb
 .text.u8g_pb_Clear
                0x0000000000001970       0x20 u8g_src/u8g_pb.o
                0x0000000000001970                u8g_pb_Clear
 .text.u8g_pb_IsYIntersection
                0x0000000000001990       0x2c u8g_src/u8g_pb.o
                0x0000000000001990                u8g_pb_IsYIntersection
 .text.u8g_pb_GetPageBox
                0x00000000000019bc       0x20 u8g_src/u8g_pb.o
                0x00000000000019bc                u8g_pb_GetPageBox
 .text.u8g_pb_Is8PixelVisible
                0x00000000000019dc       0x1e u8g_src/u8g_pb.o
                0x00000000000019dc                u8g_pb_Is8PixelVisible
 .text.u8g_pb_WriteBuffer
                0x00000000000019fa        0xe u8g_src/u8g_pb.o
                0x00000000000019fa                u8g_pb_WriteBuffer
 .text.u8g_InitCom
                0x0000000000001a08       0x12 u8g_src/u8g_com_api.o
                0x0000000000001a08                u8g_InitCom
 .text.u8g_SetChipSelect
                0x0000000000001a1a       0x12 u8g_src/u8g_com_api.o
                0x0000000000001a1a                u8g_SetChipSelect
 .text.u8g_SetResetLow
                0x0000000000001a2c       0x14 u8g_src/u8g_com_api.o
                0x0000000000001a2c                u8g_SetResetLow
 .text.u8g_SetResetHigh
                0x0000000000001a40       0x14 u8g_src/u8g_com_api.o
                0x0000000000001a40                u8g_SetResetHigh
 .text.u8g_SetAddress
                0x0000000000001a54       0x12 u8g_src/u8g_com_api.o
                0x0000000000001a54                u8g_SetAddress
 .text.u8g_WriteByte
                0x0000000000001a66       0x12 u8g_src/u8g_com_api.o
                0x0000000000001a66                u8g_WriteByte
 .text.u8g_WriteSequence
                0x0000000000001a78        0xe u8g_src/u8g_com_api.o
                0x0000000000001a78                u8g_WriteSequence
 .text.u8g_WriteEscSeqP
                0x0000000000001a86       0xb2 u8g_src/u8g_com_api.o
                0x0000000000001a86                u8g_WriteEscSeqP
 .text.u8g_Delay
                0x0000000000001b38       0x14 u8g_src/u8g_delay.o
                0x0000000000001b38                u8g_Delay
 .text.u8g_MicroDelay
                0x0000000000001b4c        0xa u8g_src/u8g_delay.o
                0x0000000000001b4c                u8g_MicroDelay
 .text.u8g_IsBBXIntersection
                0x0000000000001b56       0x44 u8g_src/u8g_clip.o
                0x0000000000001b56                u8g_IsBBXIntersection
 .text.u8g_init_data
                0x0000000000001b9a       0x54 u8g_src/u8g_ll_api.o
 .text.u8g_call_dev_fn
                0x0000000000001bee        0x8 u8g_src/u8g_ll_api.o
                0x0000000000001bee                u8g_call_dev_fn
 .text.u8g_InitLL
                0x0000000000001bf6       0x62 u8g_src/u8g_ll_api.o
                0x0000000000001bf6                u8g_InitLL
 .text.u8g_FirstPageLL
                0x0000000000001c58       0x46 u8g_src/u8g_ll_api.o
                0x0000000000001c58                u8g_FirstPageLL
 .text.u8g_NextPageLL
                0x0000000000001c9e       0x54 u8g_src/u8g_ll_api.o
                0x0000000000001c9e                u8g_NextPageLL
 .text.u8g_GetWidthLL
                0x0000000000001cf2       0x1e u8g_src/u8g_ll_api.o
                0x0000000000001cf2                u8g_GetWidthLL
 .text.u8g_GetHeightLL
                0x0000000000001d10       0x1e u8g_src/u8g_ll_api.o
                0x0000000000001d10                u8g_GetHeightLL
 .text.u8g_GetModeLL
                0x0000000000001d2e        0x8 u8g_src/u8g_ll_api.o
                0x0000000000001d2e                u8g_GetModeLL
 .text.u8g_UpdateDimension
                0x0000000000001d36       0x36 u8g_src/u8g_ll_api.o
                0x0000000000001d36                u8g_UpdateDimension
 .text.u8g_Begin
                0x0000000000001d6c       0x1c u8g_src/u8g_ll_api.o
                0x0000000000001d6c                u8g_Begin
 .text.u8g_InitSPI
                0x0000000000001d88       0x50 u8g_src/u8g_ll_api.o
                0x0000000000001d88                u8g_InitSPI
 .text.u8g_FirstPage
                0x0000000000001dd8        0x8 u8g_src/u8g_ll_api.o
                0x0000000000001dd8                u8g_FirstPage
 .text.u8g_NextPage
                0x0000000000001de0       0x1c u8g_src/u8g_ll_api.o
                0x0000000000001de0                u8g_NextPage
 .text.u8g_Draw8Pixel
                0x0000000000001dfc       0x20 u8g_src/u8g_ll_api.o
                0x0000000000001dfc                u8g_Draw8Pixel
 .text.u8g_pb8v1_set_pixel
                0x0000000000001e1c       0x36 u8g_src/u8g_pb8v1.o
                0x0000000000001e1c                u8g_pb8v1_set_pixel
 .text.u8g_pb8v1_SetPixel
                0x0000000000001e52       0x2a u8g_src/u8g_pb8v1.o
                0x0000000000001e52                u8g_pb8v1_SetPixel
 .text.u8g_pb8v1_Set8PixelOpt2
                0x0000000000001e7c       0x66 u8g_src/u8g_pb8v1.o
                0x0000000000001e7c                u8g_pb8v1_Set8PixelOpt2
 .text.u8g_dev_pb8v1_base_fn
                0x0000000000001ee2       0x7e u8g_src/u8g_pb8v1.o
                0x0000000000001ee2                u8g_dev_pb8v1_base_fn
 .text.u8g_get_avr_io_ptr
                0x0000000000001f60       0x2e u8g_src/u8g_com_io.o
 .text.u8g_Pin  0x0000000000001f8e        0xc u8g_src/u8g_com_io.o
                0x0000000000001f8e                u8g_Pin
 .text.u8g_SetPinOutput
                0x0000000000001f9a       0x2c u8g_src/u8g_com_io.o
                0x0000000000001f9a                u8g_SetPinOutput
 .text.u8g_SetPinLevel
                0x0000000000001fc6       0x54 u8g_src/u8g_com_io.o
                0x0000000000001fc6                u8g_SetPinLevel
 .text.u8g_SetPIOutput
                0x000000000000201a       0x10 u8g_src/u8g_com_io.o
                0x000000000000201a                u8g_SetPIOutput
 .text.u8g_SetPILevel
                0x000000000000202a       0x12 u8g_src/u8g_com_io.o
                0x000000000000202a                u8g_SetPILevel
 .text.u8g_dev_sh1106_128x64_fn
                0x000000000000203c       0xc2 u8g_src/u8g_dev_ssd1306_128x64.o
                0x000000000000203c                u8g_dev_sh1106_128x64_fn
 .text.u8g_font_get_word
                0x00000000000020fe       0x18 u8g_src/u8g_font.o
 .text.u8g_font_GetFormat
                0x0000000000002116        0x6 u8g_src/u8g_font.o
 .text.u8g_font_GetFontGlyphStructureSize
                0x000000000000211c       0x12 u8g_src/u8g_font.o
 .text.u8g_font_calc_vref_font
                0x000000000000212e        0x4 u8g_src/u8g_font.o
                0x000000000000212e                u8g_font_calc_vref_font
 .text.u8g_font_GetCapitalAHeight
                0x0000000000002132        0x8 u8g_src/u8g_font.o
                0x0000000000002132                u8g_font_GetCapitalAHeight
 .text.u8g_font_GetEncoding65Pos
                0x000000000000213a        0x4 u8g_src/u8g_font.o
                0x000000000000213a                u8g_font_GetEncoding65Pos
 .text.u8g_font_GetEncoding97Pos
                0x000000000000213e        0x4 u8g_src/u8g_font.o
                0x000000000000213e                u8g_font_GetEncoding97Pos
 .text.u8g_font_GetFontStartEncoding
                0x0000000000002142        0x8 u8g_src/u8g_font.o
                0x0000000000002142                u8g_font_GetFontStartEncoding
 .text.u8g_font_GetFontEndEncoding
                0x000000000000214a        0x8 u8g_src/u8g_font.o
                0x000000000000214a                u8g_font_GetFontEndEncoding
 .text.u8g_font_GetLowerGDescent
                0x0000000000002152        0x8 u8g_src/u8g_font.o
                0x0000000000002152                u8g_font_GetLowerGDescent
 .text.u8g_font_GetFontAscent
                0x000000000000215a        0x8 u8g_src/u8g_font.o
                0x000000000000215a                u8g_font_GetFontAscent
 .text.u8g_font_GetFontDescent
                0x0000000000002162        0x8 u8g_src/u8g_font.o
                0x0000000000002162                u8g_font_GetFontDescent
 .text.u8g_font_GetFontXAscent
                0x000000000000216a        0x8 u8g_src/u8g_font.o
                0x000000000000216a                u8g_font_GetFontXAscent
 .text.u8g_font_GetFontXDescent
                0x0000000000002172        0x8 u8g_src/u8g_font.o
                0x0000000000002172                u8g_font_GetFontXDescent
 .text.u8g_GetGlyph
                0x000000000000217a      0x19e u8g_src/u8g_font.o
                0x000000000000217a                u8g_GetGlyph
 .text.u8g_draw_glyph
                0x0000000000002318       0xce u8g_src/u8g_font.o
                0x0000000000002318                u8g_draw_glyph
 .text.u8g_DrawStr
                0x00000000000023e6       0x6c u8g_src/u8g_font.o
                0x00000000000023e6                u8g_DrawStr
 .text.u8g_UpdateRefHeight
                0x0000000000002452       0x6c u8g_src/u8g_font.o
                0x0000000000002452                u8g_UpdateRefHeight
 .text.u8g_SetFontPosBaseline
                0x00000000000024be        0xc u8g_src/u8g_font.o
                0x00000000000024be                u8g_SetFontPosBaseline
 .text.u8g_SetFont
                0x00000000000024ca       0x26 u8g_src/u8g_font.o
                0x00000000000024ca                u8g_SetFont
 .text.u8g_page_First
                0x00000000000024f0        0xe u8g_src/u8g_page.o
                0x00000000000024f0                u8g_page_First
 .text.u8g_page_Next
                0x00000000000024fe       0x2c u8g_src/u8g_page.o
                0x00000000000024fe                u8g_page_Next
 .text.u8g_atmega_sw_spi_shift_out
                0x000000000000252a       0x3c u8g_src/u8g_com_atmega_sw_spi.o
 .text.u8g_com_atmega_sw_spi_fn
                0x0000000000002566       0xd0 u8g_src/u8g_com_atmega_sw_spi.o
                0x0000000000002566                u8g_com_atmega_sw_spi_fn
 .text.adxl345_init
                0x0000000000002636       0x6e sensors/adxl345.o
                0x0000000000002636                adxl345_init
 .text.adxl345_read
                0x00000000000026a4       0xdc sensors/adxl345.o
                0x00000000000026a4                adxl345_read
 .text.adxl345_raw_to_g
                0x0000000000002780       0xba sensors/adxl345.o
                0x0000000000002780                adxl345_raw_to_g
 .text.hmc5883l_init
                0x000000000000283a       0x6c sensors/hmc5883l.o
                0x000000000000283a                hmc5883l_init
 .text.hmc5883l_read
                0x00000000000028a6       0xdc sensors/hmc5883l.o
                0x00000000000028a6                hmc5883l_read
 .text.hmc5883l_applyCalibration
                0x0000000000002982      0x2c8 sensors/hmc5883l.o
                0x0000000000002982                hmc5883l_applyCalibration
 .text.l3g4200d_init
                0x0000000000002c4a       0x4a sensors/l3g4200d.o
                0x0000000000002c4a                l3g4200d_init
 .text.l3g4200d_read_seq
                0x0000000000002c94       0xdc sensors/l3g4200d.o
                0x0000000000002c94                l3g4200d_read_seq
 .text.l3g4200d_raw_to_rad
                0x0000000000002d70       0xfa sensors/l3g4200d.o
                0x0000000000002d70                l3g4200d_raw_to_rad
 .text.data_init
                0x0000000000002e6a      0x234 data/data.o
                0x0000000000002e6a                data_init
 .text.display_init
                0x000000000000309e       0x50 ahrs/display.o
                0x000000000000309e                display_init
 .text.display_draw_logo
                0x00000000000030ee       0x30 ahrs/display.o
                0x00000000000030ee                display_draw_logo
 .text.display_draw_line2x
                0x000000000000311e       0x4e ahrs/display.o
                0x000000000000311e                display_draw_line2x
 .text.vector_magnitude
                0x000000000000316c       0xd0 ahrs/vector.o
                0x000000000000316c                vector_magnitude
 .text.vector_sum
                0x000000000000323c       0xd0 ahrs/vector.o
                0x000000000000323c                vector_sum
 .text.vector_norm
                0x000000000000330c       0x98 ahrs/vector.o
                0x000000000000330c                vector_norm
 .text.vector_inv
                0x00000000000033a4       0x94 ahrs/vector.o
                0x00000000000033a4                vector_inv
 .text.vector_scale
                0x0000000000003438       0xd4 ahrs/vector.o
                0x0000000000003438                vector_scale
 .text.vector_cross
                0x000000000000350c      0x186 ahrs/vector.o
                0x000000000000350c                vector_cross
 .text.matrix_row_to_vector
                0x0000000000003692       0x9e ahrs/matrix.o
                0x0000000000003692                matrix_row_to_vector
 .text.matrix_vector_to_row
                0x0000000000003730       0xde ahrs/matrix.o
                0x0000000000003730                matrix_vector_to_row
 .text.matrix_vector_prod
                0x000000000000380e      0x1f4 ahrs/matrix.o
                0x000000000000380e                matrix_vector_prod
 .text.matrix_transpose
                0x0000000000003a02      0x150 ahrs/matrix.o
                0x0000000000003a02                matrix_transpose
 .text.ahrs_init
                0x0000000000003b52      0x58e ahrs/ahrs.o
                0x0000000000003b52                ahrs_init
 .text.ahrs_drift_correction
                0x00000000000040e0      0x7fc ahrs/ahrs.o
                0x00000000000040e0                ahrs_drift_correction
 .text.ahrs_orientation
                0x00000000000048dc      0x18c ahrs/ahrs.o
                0x00000000000048dc                ahrs_orientation
 .text.quaternion_norm
                0x0000000000004a68      0x1b4 ahrs/quaternion.o
                0x0000000000004a68                quaternion_norm
 .text.quaternion_product
                0x0000000000004c1c      0x318 ahrs/quaternion.o
                0x0000000000004c1c                quaternion_product
 .text.quaternion_from_axis_angle
                0x0000000000004f34      0x10c ahrs/quaternion.o
                0x0000000000004f34                quaternion_from_axis_angle
 .text.quaternion_to_matrix
                0x0000000000005040      0x30a ahrs/quaternion.o
                0x0000000000005040                quaternion_to_matrix
 .text.quaternion_from_matrix
                0x000000000000534a      0x38a ahrs/quaternion.o
                0x000000000000534a                quaternion_from_matrix
 .text.buttons_init
                0x00000000000056d4        0xa buttons/buttons.o
                0x00000000000056d4                buttons_init
 .text.buttons_read
                0x00000000000056de       0x22 buttons/buttons.o
                0x00000000000056de                buttons_read
 .text.SetupHardware
                0x0000000000005700       0x76 GenericHID.o
                0x0000000000005700                SetupHardware
 .text.EVENT_USB_Device_Connect
                0x0000000000005776        0x2 GenericHID.o
                0x0000000000005776                EVENT_USB_Device_Connect
 .text.EVENT_USB_Device_Disconnect
                0x0000000000005778        0x2 GenericHID.o
                0x0000000000005778                EVENT_USB_Device_Disconnect
 .text.EVENT_USB_Device_ConfigurationChanged
                0x000000000000577a       0x10 GenericHID.o
                0x000000000000577a                EVENT_USB_Device_ConfigurationChanged
 .text.ProcessGenericHIDReport
                0x000000000000578a       0x20 GenericHID.o
                0x000000000000578a                ProcessGenericHIDReport
 .text.CreateGenericHIDReport
                0x00000000000057aa       0x3e GenericHID.o
                0x00000000000057aa                CreateGenericHIDReport
 .text.EVENT_USB_Device_ControlRequest
                0x00000000000057e8       0x92 GenericHID.o
                0x00000000000057e8                EVENT_USB_Device_ControlRequest
 .text.HID_Task
                0x000000000000587a       0x92 GenericHID.o
                0x000000000000587a                HID_Task
 .text.get_timer_ms
                0x000000000000590c       0x20 GenericHID.o
                0x000000000000590c                get_timer_ms
 .text.startup.main
                0x000000000000592c      0x106 GenericHID.o
                0x000000000000592c                main
 .text.CALLBACK_USB_GetDescriptor
                0x0000000000005a32       0x86 Descriptors.o
                0x0000000000005a32                CALLBACK_USB_GetDescriptor
 .text.Endpoint_Write_Stream_LE
                0x0000000000005ab8       0x94 /home/Finland/AR_VR/AVR/LUFA-130901/LUFA/Drivers/USB/Core/AVR8/EndpointStream_AVR8.o
                0x0000000000005ab8                Endpoint_Write_Stream_LE
 .text.Endpoint_Read_Stream_LE
                0x0000000000005b4c       0x94 /home/Finland/AR_VR/AVR/LUFA-130901/LUFA/Drivers/USB/Core/AVR8/EndpointStream_AVR8.o
                0x0000000000005b4c                Endpoint_Read_Stream_LE
 .text.Endpoint_Write_Control_Stream_LE
                0x0000000000005be0       0xbe /home/Finland/AR_VR/AVR/LUFA-130901/LUFA/Drivers/USB/Core/AVR8/EndpointStream_AVR8.o
                0x0000000000005be0                Endpoint_Write_Control_Stream_LE
 .text.Endpoint_Read_Control_Stream_LE
                0x0000000000005c9e       0x80 /home/Finland/AR_VR/AVR/LUFA-130901/LUFA/Drivers/USB/Core/AVR8/EndpointStream_AVR8.o
                0x0000000000005c9e                Endpoint_Read_Control_Stream_LE
 .text.Endpoint_Write_Control_PStream_LE
                0x0000000000005d1e       0xba /home/Finland/AR_VR/AVR/LUFA-130901/LUFA/Drivers/USB/Core/AVR8/EndpointStream_AVR8.o
                0x0000000000005d1e                Endpoint_Write_Control_PStream_LE
 .text.Endpoint_ConfigureEndpoint_Prv
                0x0000000000005dd8       0x6a /home/Finland/AR_VR/AVR/LUFA-130901/LUFA/Drivers/USB/Core/AVR8/Endpoint_AVR8.o
                0x0000000000005dd8                Endpoint_ConfigureEndpoint_Prv
 .text.Endpoint_ClearStatusStage
                0x0000000000005e42       0x3e /home/Finland/AR_VR/AVR/LUFA-130901/LUFA/Drivers/USB/Core/AVR8/Endpoint_AVR8.o
                0x0000000000005e42                Endpoint_ClearStatusStage
 .text.Endpoint_WaitUntilReady
                0x0000000000005e80       0x64 /home/Finland/AR_VR/AVR/LUFA-130901/LUFA/Drivers/USB/Core/AVR8/Endpoint_AVR8.o
                0x0000000000005e80                Endpoint_WaitUntilReady
 .text.USB_ResetInterface
                0x0000000000005ee4       0x80 /home/Finland/AR_VR/AVR/LUFA-130901/LUFA/Drivers/USB/Core/AVR8/USBController_AVR8.o
                0x0000000000005ee4                USB_ResetInterface
 .text.USB_Init
                0x0000000000005f64       0x20 /home/Finland/AR_VR/AVR/LUFA-130901/LUFA/Drivers/USB/Core/AVR8/USBController_AVR8.o
                0x0000000000005f64                USB_Init
 .text.USB_INT_DisableAllInterrupts
                0x0000000000005f84       0x10 /home/Finland/AR_VR/AVR/LUFA-130901/LUFA/Drivers/USB/Core/AVR8/USBInterrupt_AVR8.o
                0x0000000000005f84                USB_INT_DisableAllInterrupts
 .text.USB_INT_ClearAllInterrupts
                0x0000000000005f94        0xa /home/Finland/AR_VR/AVR/LUFA-130901/LUFA/Drivers/USB/Core/AVR8/USBInterrupt_AVR8.o
                0x0000000000005f94                USB_INT_ClearAllInterrupts
 .text.__vector_10
                0x0000000000005f9e      0x18c /home/Finland/AR_VR/AVR/LUFA-130901/LUFA/Drivers/USB/Core/AVR8/USBInterrupt_AVR8.o
                0x0000000000005f9e                __vector_10
 .text.USB_Device_ProcessControlRequest
                0x000000000000612a      0x290 /home/Finland/AR_VR/AVR/LUFA-130901/LUFA/Drivers/USB/Core/DeviceStandardReq.o
                0x000000000000612a                USB_Device_ProcessControlRequest
 .text.USB_Event_Stub
                0x00000000000063ba        0x2 /home/Finland/AR_VR/AVR/LUFA-130901/LUFA/Drivers/USB/Core/Events.o
                0x00000000000063ba                EVENT_USB_Device_WakeUp
                0x00000000000063ba                USB_Event_Stub
                0x00000000000063ba                EVENT_USB_Device_Suspend
                0x00000000000063ba                EVENT_USB_Device_StartOfFrame
                0x00000000000063ba                EVENT_USB_Device_Reset
 .text.USB_USBTask
                0x00000000000063bc       0x34 /home/Finland/AR_VR/AVR/LUFA-130901/LUFA/Drivers/USB/Core/USBTask.o
                0x00000000000063bc                USB_USBTask
 .text.TWI_StartTransmission
                0x00000000000063f0       0xa8 /home/Finland/AR_VR/AVR/LUFA-130901/LUFA/Drivers/Peripheral/AVR8/TWI_AVR8.o
                0x00000000000063f0                TWI_StartTransmission
 .text.TWI_SendByte
                0x0000000000006498       0x22 /home/Finland/AR_VR/AVR/LUFA-130901/LUFA/Drivers/Peripheral/AVR8/TWI_AVR8.o
                0x0000000000006498                TWI_SendByte
 .text.TWI_ReceiveByte
                0x00000000000064ba       0x38 /home/Finland/AR_VR/AVR/LUFA-130901/LUFA/Drivers/Peripheral/AVR8/TWI_AVR8.o
                0x00000000000064ba                TWI_ReceiveByte
 .text.avr-libc.fplib
                0x00000000000064f2        0xa /usr/lib/gcc/avr/4.9.2/../../../../avr/lib/avr5/libm.a(addsf3.o)
                0x00000000000064f2                __subsf3
                0x00000000000064f4                __addsf3
 .text.avr-libc.fplib
                0x00000000000064fc       0xc0 /usr/lib/gcc/avr/4.9.2/../../../../avr/lib/avr5/libm.a(addsf3x.o)
                0x0000000000006516                __addsf3x
 .text.avr-libc.fplib
                0x00000000000065bc        0x8 /usr/lib/gcc/avr/4.9.2/../../../../avr/lib/avr5/libm.a(cmpsf2.o)
                0x00000000000065bc                __lesf2
                0x00000000000065bc                __nesf2
                0x00000000000065bc                __eqsf2
                0x00000000000065bc                __cmpsf2
                0x00000000000065bc                __ltsf2
 .text.avr-libc.fplib
                0x00000000000065c4        0x6 /usr/lib/gcc/avr/4.9.2/../../../../avr/lib/avr5/libm.a(cos.o)
                0x00000000000065c4                cos
 .text.avr-libc.fplib
                0x00000000000065ca        0x4 /usr/lib/gcc/avr/4.9.2/../../../../avr/lib/avr5/libm.a(divsf3.o)
                0x00000000000065ca                __divsf3
 .text.avr-libc.fplib
                0x00000000000065ce       0xcc /usr/lib/gcc/avr/4.9.2/../../../../avr/lib/avr5/libm.a(divsf3x.o)
                0x00000000000065e4                __divsf3x
                0x00000000000065e8                __divsf3_pse
 .text.avr-libc.fplib
                0x000000000000669a       0x58 /usr/lib/gcc/avr/4.9.2/../../../../avr/lib/avr5/libm.a(fixunssfsi.o)
                0x000000000000669a                __fixunssfsi
 .text.avr-libc.fplib
                0x00000000000066f2       0x7a /usr/lib/gcc/avr/4.9.2/../../../../avr/lib/avr5/libm.a(floatsisf.o)
                0x00000000000066f2                __floatunsisf
                0x00000000000066f6                __floatsisf
 .text.avr-libc.fplib
                0x000000000000676c       0x48 /usr/lib/gcc/avr/4.9.2/../../../../avr/lib/avr5/libm.a(fp_cmp.o)
                0x000000000000676c                __fp_cmp
 .text.avr-libc.fplib
                0x00000000000067b4        0xc /usr/lib/gcc/avr/4.9.2/../../../../avr/lib/avr5/libm.a(fp_inf.o)
                0x00000000000067b4                __fp_inf
 .text.avr-libc.fplib
                0x00000000000067c0        0x6 /usr/lib/gcc/avr/4.9.2/../../../../avr/lib/avr5/libm.a(fp_nan.o)
                0x00000000000067c0                __fp_nan
 .text.avr-libc.fplib
                0x00000000000067c6        0xe /usr/lib/gcc/avr/4.9.2/../../../../avr/lib/avr5/libm.a(fp_pscA.o)
                0x00000000000067c6                __fp_pscA
 .text.avr-libc.fplib
                0x00000000000067d4        0xe /usr/lib/gcc/avr/4.9.2/../../../../avr/lib/avr5/libm.a(fp_pscB.o)
                0x00000000000067d4                __fp_pscB
 .text.avr-libc.fplib
                0x00000000000067e2       0x50 /usr/lib/gcc/avr/4.9.2/../../../../avr/lib/avr5/libm.a(fp_rempio2.o)
                0x00000000000067e4                __fp_rempio2
 .text.avr-libc.fplib
                0x0000000000006832       0x22 /usr/lib/gcc/avr/4.9.2/../../../../avr/lib/avr5/libm.a(fp_round.o)
                0x0000000000006832                __fp_round
 .text.avr-libc.fplib
                0x0000000000006854       0x22 /usr/lib/gcc/avr/4.9.2/../../../../avr/lib/avr5/libm.a(fp_sinus.o)
                0x0000000000006854                __fp_sinus
 .text.avr-libc.fplib
                0x0000000000006876       0x44 /usr/lib/gcc/avr/4.9.2/../../../../avr/lib/avr5/libm.a(fp_split3.o)
                0x0000000000006876                __fp_split3
                0x0000000000006886                __fp_splitA
 .text.avr-libc.fplib
                0x00000000000068ba        0xe /usr/lib/gcc/avr/4.9.2/../../../../avr/lib/avr5/libm.a(fp_zero.o)
                0x00000000000068ba                __fp_zero
                0x00000000000068bc                __fp_szero
 .text.avr-libc.fplib
                0x00000000000068c8        0x8 /usr/lib/gcc/avr/4.9.2/../../../../avr/lib/avr5/libm.a(gesf2.o)
                0x00000000000068c8                __gtsf2
                0x00000000000068c8                __gesf2
 .text.avr-libc.fplib
                0x00000000000068d0        0x4 /usr/lib/gcc/avr/4.9.2/../../../../avr/lib/avr5/libm.a(mulsf3.o)
                0x00000000000068d0                __mulsf3
 .text.avr-libc.fplib
                0x00000000000068d4       0xc2 /usr/lib/gcc/avr/4.9.2/../../../../avr/lib/avr5/libm.a(mulsf3x.o)
                0x00000000000068e8                __mulsf3x
                0x00000000000068ec                __mulsf3_pse
 .text.avr-libc.fplib
                0x0000000000006996        0xc /usr/lib/gcc/avr/4.9.2/../../../../avr/lib/avr5/libm.a(sin.o)
                0x0000000000006996                sin
 .text.avr-libc.fplib
                0x00000000000069a2       0x84 /usr/lib/gcc/avr/4.9.2/../../../../avr/lib/avr5/libm.a(sqrt.o)
                0x00000000000069aa                sqrt
                0x00000000000069aa                sqrtf
 .text.avr-libc.fplib
                0x0000000000006a26       0x1c /usr/lib/gcc/avr/4.9.2/../../../../avr/lib/avr5/libm.a(fp_mpack.o)
                0x0000000000006a26                __fp_mpack
                0x0000000000006a2a                __fp_mpack_finite
 .text.avr-libc.fplib
                0x0000000000006a42        0xe /usr/lib/gcc/avr/4.9.2/../../../../avr/lib/avr5/libm.a(fp_norm2.o)
                0x0000000000006a42                __fp_norm2
 .text.avr-libc.fplib
                0x0000000000006a50       0x22 /usr/lib/gcc/avr/4.9.2/../../../../avr/lib/avr5/libm.a(fp_powsodd.o)
                0x0000000000006a50                __fp_powsodd
 .text.avr-libc.fplib
                0x0000000000006a72       0x4a /usr/lib/gcc/avr/4.9.2/../../../../avr/lib/avr5/libm.a(fp_powser.o)
                0x0000000000006a72                __fp_powser
 .text.libgcc   0x0000000000006abc        0xc /usr/lib/gcc/avr/4.9.2/avr5/libgcc.a(_tablejump2.o)
                0x0000000000006abc                __tablejump2__
 .text.avr-libc
                0x0000000000006ac8       0x12 /usr/lib/gcc/avr/4.9.2/../../../../avr/lib/avr5/libc.a(memcpy_P.o)
                0x0000000000006ac8                memcpy_P
 .text.avr-libc
                0x0000000000006ada       0x10 /usr/lib/gcc/avr/4.9.2/../../../../avr/lib/avr5/libc.a(eerd_byte_atmega32u4.o)
                0x0000000000006ada                __eerd_byte_m32u4
 .text.avr-libc
                0x0000000000006aea        0xa /usr/lib/gcc/avr/4.9.2/../../../../avr/lib/avr5/libc.a(eerd_dword_atmega32u4.o)
                0x0000000000006aea                __eerd_dword_m32u4
                0x0000000000006aea                __eerd_float_m32u4
 .text.avr-libc
                0x0000000000006af4       0x12 /usr/lib/gcc/avr/4.9.2/../../../../avr/lib/avr5/libc.a(eewr_block_atmega32u4.o)
                0x0000000000006af4                __eewr_block_m32u4
 .text.avr-libc
                0x0000000000006b06       0x1c /usr/lib/gcc/avr/4.9.2/../../../../avr/lib/avr5/libc.a(eewr_byte_atmega32u4.o)
                0x0000000000006b06                __eewr_byte_m32u4
                0x0000000000006b08                __eewr_r18_m32u4
 .text.avr-libc
                0x0000000000006b22       0x20 /usr/lib/gcc/avr/4.9.2/../../../../avr/lib/avr5/libc.a(eerd_block_atmega32u4.o)
                0x0000000000006b22                __eerd_block_m32u4
                0x0000000000006b26                __eerd_blraw_m32u4
                0x0000000000006b42                . = ALIGN (0x2)
 *(.fini9)
 .fini9         0x0000000000006b42        0x0 /usr/lib/gcc/avr/4.9.2/avr5/libgcc.a(_exit.o)
                0x0000000000006b42                exit
                0x0000000000006b42                _exit
 *(.fini9)
 *(.fini8)
 *(.fini8)
 *(.fini7)
 *(.fini7)
 *(.fini6)
 *(.fini6)
 *(.fini5)
 *(.fini5)
 *(.fini4)
 *(.fini4)
 *(.fini3)
 *(.fini3)
 *(.fini2)
 *(.fini2)
 *(.fini1)
 *(.fini1)
 *(.fini0)
 .fini0         0x0000000000006b42        0x4 /usr/lib/gcc/avr/4.9.2/avr5/libgcc.a(_exit.o)
 *(.fini0)
                0x0000000000006b46                _etext = .

.data           0x0000000000800100       0x52 load address 0x0000000000006b46
                0x0000000000800100                PROVIDE (__data_start, .)
 *(.data)
 *(.data*)
 .data.u8g_dev_sh1106_128x64_sw_spi
                0x0000000000800100        0x6 u8g_src/u8g_dev_ssd1306_128x64.o
                0x0000000000800100                u8g_dev_sh1106_128x64_sw_spi
 .data.u8g_dev_sh1106_128x64_sw_spi_pb
                0x0000000000800106        0x8 u8g_src/u8g_dev_ssd1306_128x64.o
                0x0000000000800106                u8g_dev_sh1106_128x64_sw_spi_pb
 *(.rodata)
 *(.rodata*)
 .rodata.str1.1
                0x000000000080010e        0x8 ahrs/display.o
 .rodata.str1.1
                0x0000000000800116       0x3c ahrs/ahrs.o
 *(.gnu.linkonce.d*)
                0x0000000000800152                . = ALIGN (0x2)
                0x0000000000800152                _edata = .
                0x0000000000800152                PROVIDE (__data_end, .)

.bss            0x0000000000800152      0x150
                0x0000000000800152                PROVIDE (__bss_start, .)
 *(.bss)
 *(.bss*)
 .bss.u8g_dev_sh1106_128x64_sw_spi_buf
                0x0000000000800152       0x80 u8g_src/u8g_dev_ssd1306_128x64.o
                0x0000000000800152                u8g_dev_sh1106_128x64_sw_spi_buf
 *(COMMON)
 COMMON         0x00000000008001d2       0x39 ahrs/display.o
                0x00000000008001d2                u8g
                0x0000000000800209                line
 COMMON         0x000000000080020b        0x2 ahrs/ahrs.o
                0x000000000080020b                calib_ptr
 COMMON         0x000000000080020d       0x88 GenericHID.o
                0x000000000080020d                timer
                0x0000000000800211                t_period
                0x0000000000800215                timer_old
                0x0000000000800219                data
                0x0000000000800255                calib_params
 COMMON         0x0000000000800295        0x3 /home/Finland/AR_VR/AVR/LUFA-130901/LUFA/Drivers/USB/Core/DeviceStandardReq.o
                0x0000000000800295                USB_Device_ConfigurationNumber
                0x0000000000800296                USB_Device_CurrentlySelfPowered
                0x0000000000800297                USB_Device_RemoteWakeupEnabled
 COMMON         0x0000000000800298        0xa /home/Finland/AR_VR/AVR/LUFA-130901/LUFA/Drivers/USB/Core/USBTask.o
                0x0000000000800298                USB_IsInitialized
                0x0000000000800299                USB_DeviceState
                0x000000000080029a                USB_ControlRequest
                0x00000000008002a2                PROVIDE (__bss_end, .)
                0x0000000000006b46                __data_load_start = LOADADDR (.data)
                0x0000000000006b98                __data_load_end = (__data_load_start + SIZEOF (.data))

.noinit         0x00000000008002a2        0x0
                0x00000000008002a2                PROVIDE (__noinit_start, .)
 *(.noinit*)
                0x00000000008002a2                PROVIDE (__noinit_end, .)
                0x00000000008002a2                _end = .
                0x00000000008002a2                PROVIDE (__heap_start, .)

.eeprom         0x0000000000810000       0x40
 *(.eeprom*)
 .eeprom        0x0000000000810000       0x40 GenericHID.o
                0x0000000000810000                eeparams
                0x0000000000810040                __eeprom_end = .

.fuse
 *(.fuse)
 *(.lfuse)
 *(.hfuse)
 *(.efuse)

.lock
 *(.lock*)

.signature
 *(.signature*)

.stab
 *(.stab)

.stabstr
 *(.stabstr)

.stab.excl
 *(.stab.excl)

.stab.exclstr
 *(.stab.exclstr)

.stab.index
 *(.stab.index)

.stab.indexstr
 *(.stab.indexstr)

.comment        0x0000000000000000       0x27
 *(.comment)
 .comment       0x0000000000000000       0x27 u8g_src/u8g_font_data.o
                                         0x28 (size before relaxing)
 .comment       0x0000000000000027       0x28 u8g_src/u8g_state.o
 .comment       0x0000000000000027       0x28 u8g_src/u8g_pb.o
 .comment       0x0000000000000027       0x28 u8g_src/u8g_com_api.o
 .comment       0x0000000000000027       0x28 u8g_src/u8g_delay.o
 .comment       0x0000000000000027       0x28 u8g_src/u8g_clip.o
 .comment       0x0000000000000027       0x28 u8g_src/u8g_ll_api.o
 .comment       0x0000000000000027       0x28 u8g_src/u8g_pb8v1.o
 .comment       0x0000000000000027       0x28 u8g_src/u8g_com_io.o
 .comment       0x0000000000000027       0x28 u8g_src/u8g_dev_ssd1306_128x64.o
 .comment       0x0000000000000027       0x28 u8g_src/u8g_font.o
 .comment       0x0000000000000027       0x28 u8g_src/u8g_page.o
 .comment       0x0000000000000027       0x28 u8g_src/u8g_com_atmega_sw_spi.o
 .comment       0x0000000000000027       0x28 sensors/adxl345.o
 .comment       0x0000000000000027       0x28 sensors/hmc5883l.o
 .comment       0x0000000000000027       0x28 sensors/l3g4200d.o
 .comment       0x0000000000000027       0x28 data/data.o
 .comment       0x0000000000000027       0x28 ahrs/display.o
 .comment       0x0000000000000027       0x28 ahrs/vector.o
 .comment       0x0000000000000027       0x28 ahrs/matrix.o
 .comment       0x0000000000000027       0x28 ahrs/ahrs.o
 .comment       0x0000000000000027       0x28 ahrs/quaternion.o
 .comment       0x0000000000000027       0x28 buttons/buttons.o
 .comment       0x0000000000000027       0x28 GenericHID.o
 .comment       0x0000000000000027       0x28 Descriptors.o
 .comment       0x0000000000000027       0x28 /home/Finland/AR_VR/AVR/LUFA-130901/LUFA/Drivers/USB/Core/AVR8/EndpointStream_AVR8.o
 .comment       0x0000000000000027       0x28 /home/Finland/AR_VR/AVR/LUFA-130901/LUFA/Drivers/USB/Core/AVR8/Endpoint_AVR8.o
 .comment       0x0000000000000027       0x28 /home/Finland/AR_VR/AVR/LUFA-130901/LUFA/Drivers/USB/Core/AVR8/USBController_AVR8.o
 .comment       0x0000000000000027       0x28 /home/Finland/AR_VR/AVR/LUFA-130901/LUFA/Drivers/USB/Core/AVR8/USBInterrupt_AVR8.o
 .comment       0x0000000000000027       0x28 /home/Finland/AR_VR/AVR/LUFA-130901/LUFA/Drivers/USB/Core/DeviceStandardReq.o
 .comment       0x0000000000000027       0x28 /home/Finland/AR_VR/AVR/LUFA-130901/LUFA/Drivers/USB/Core/Events.o
 .comment       0x0000000000000027       0x28 /home/Finland/AR_VR/AVR/LUFA-130901/LUFA/Drivers/USB/Core/USBTask.o
 .comment       0x0000000000000027       0x28 /home/Finland/AR_VR/AVR/LUFA-130901/LUFA/Drivers/Peripheral/AVR8/TWI_AVR8.o

.note.gnu.build-id
 *(.note.gnu.build-id)

.debug
 *(.debug)

.line
 *(.line)

.debug_srcinfo
 *(.debug_srcinfo)

.debug_sfnames
 *(.debug_sfnames)

.debug_aranges  0x0000000000000000      0xb20
 *(.debug_aranges)
 .debug_aranges
                0x0000000000000000       0x18 u8g_src/u8g_font_data.o
 .debug_aranges
                0x0000000000000018       0x30 u8g_src/u8g_state.o
 .debug_aranges
                0x0000000000000048       0x50 u8g_src/u8g_pb.o
 .debug_aranges
                0x0000000000000098       0x68 u8g_src/u8g_com_api.o
 .debug_aranges
                0x0000000000000100       0x30 u8g_src/u8g_delay.o
 .debug_aranges
                0x0000000000000130       0x20 u8g_src/u8g_clip.o
 .debug_aranges
                0x0000000000000150      0x168 u8g_src/u8g_ll_api.o
 .debug_aranges
                0x00000000000002b8       0x48 u8g_src/u8g_pb8v1.o
 .debug_aranges
                0x0000000000000300       0x58 u8g_src/u8g_com_io.o
 .debug_aranges
                0x0000000000000358       0x40 u8g_src/u8g_dev_ssd1306_128x64.o
 .debug_aranges
                0x0000000000000398      0x260 u8g_src/u8g_font.o
 .debug_aranges
                0x00000000000005f8       0x30 u8g_src/u8g_page.o
 .debug_aranges
                0x0000000000000628       0x28 u8g_src/u8g_com_atmega_sw_spi.o
 .debug_aranges
                0x0000000000000650       0x30 sensors/adxl345.o
 .debug_aranges
                0x0000000000000680       0x30 sensors/hmc5883l.o
 .debug_aranges
                0x00000000000006b0       0x40 sensors/l3g4200d.o
 .debug_aranges
                0x00000000000006f0       0x20 data/data.o
 .debug_aranges
                0x0000000000000710       0x40 ahrs/display.o
 .debug_aranges
                0x0000000000000750       0x58 ahrs/vector.o
 .debug_aranges
                0x00000000000007a8       0x38 ahrs/matrix.o
 .debug_aranges
                0x00000000000007e0       0x40 ahrs/ahrs.o
 .debug_aranges
                0x0000000000000820       0x48 ahrs/quaternion.o
 .debug_aranges
                0x0000000000000868       0x28 buttons/buttons.o
 .debug_aranges
                0x0000000000000890       0x68 GenericHID.o
 .debug_aranges
                0x00000000000008f8       0x20 Descriptors.o
 .debug_aranges
                0x0000000000000918       0xc8 /home/Finland/AR_VR/AVR/LUFA-130901/LUFA/Drivers/USB/Core/AVR8/EndpointStream_AVR8.o
 .debug_aranges
                0x00000000000009e0       0x40 /home/Finland/AR_VR/AVR/LUFA-130901/LUFA/Drivers/USB/Core/AVR8/Endpoint_AVR8.o
 .debug_aranges
                0x0000000000000a20       0x30 /home/Finland/AR_VR/AVR/LUFA-130901/LUFA/Drivers/USB/Core/AVR8/USBController_AVR8.o
 .debug_aranges
                0x0000000000000a50       0x30 /home/Finland/AR_VR/AVR/LUFA-130901/LUFA/Drivers/USB/Core/AVR8/USBInterrupt_AVR8.o
 .debug_aranges
                0x0000000000000a80       0x20 /home/Finland/AR_VR/AVR/LUFA-130901/LUFA/Drivers/USB/Core/DeviceStandardReq.o
 .debug_aranges
                0x0000000000000aa0       0x20 /home/Finland/AR_VR/AVR/LUFA-130901/LUFA/Drivers/USB/Core/Events.o
 .debug_aranges
                0x0000000000000ac0       0x20 /home/Finland/AR_VR/AVR/LUFA-130901/LUFA/Drivers/USB/Core/USBTask.o
 .debug_aranges
                0x0000000000000ae0       0x40 /home/Finland/AR_VR/AVR/LUFA-130901/LUFA/Drivers/Peripheral/AVR8/TWI_AVR8.o

.debug_pubnames
 *(.debug_pubnames)

.debug_info     0x0000000000000000    0x17b88
 *(.debug_info .gnu.linkonce.wi.*)
 .debug_info    0x0000000000000000      0x9f4 /usr/lib/gcc/avr/4.9.2/../../../../avr/lib/avr5/crtm32u4.o
 .debug_info    0x00000000000009f4     0x3f84 u8g_src/u8g_font_data.o
 .debug_info    0x0000000000004978      0x520 u8g_src/u8g_state.o
 .debug_info    0x0000000000004e98      0x87b u8g_src/u8g_pb.o
 .debug_info    0x0000000000005713      0x9db u8g_src/u8g_com_api.o
 .debug_info    0x00000000000060ee      0x134 u8g_src/u8g_delay.o
 .debug_info    0x0000000000006222      0x547 u8g_src/u8g_clip.o
 .debug_info    0x0000000000006769     0x1b54 u8g_src/u8g_ll_api.o
 .debug_info    0x00000000000082bd      0x8e8 u8g_src/u8g_pb8v1.o
 .debug_info    0x0000000000008ba5      0x7ee u8g_src/u8g_com_io.o
 .debug_info    0x0000000000009393     0x15b3 u8g_src/u8g_dev_ssd1306_128x64.o
 .debug_info    0x000000000000a946     0x3407 u8g_src/u8g_font.o
 .debug_info    0x000000000000dd4d      0x1a5 u8g_src/u8g_page.o
 .debug_info    0x000000000000def2      0x792 u8g_src/u8g_com_atmega_sw_spi.o
 .debug_info    0x000000000000e684      0x5b0 sensors/adxl345.o
 .debug_info    0x000000000000ec34      0x7bf sensors/hmc5883l.o
 .debug_info    0x000000000000f3f3      0x6f8 sensors/l3g4200d.o
 .debug_info    0x000000000000faeb      0x417 data/data.o
 .debug_info    0x000000000000ff02      0x982 ahrs/display.o
 .debug_info    0x0000000000010884      0x2a1 ahrs/vector.o
 .debug_info    0x0000000000010b25      0x22e ahrs/matrix.o
 .debug_info    0x0000000000010d53     0x145d ahrs/ahrs.o
 .debug_info    0x00000000000121b0      0x3dc ahrs/quaternion.o
 .debug_info    0x000000000001258c      0x228 buttons/buttons.o
 .debug_info    0x00000000000127b4     0x126f GenericHID.o
 .debug_info    0x0000000000013a23      0x6eb Descriptors.o
 .debug_info    0x000000000001410e     0x17de /home/Finland/AR_VR/AVR/LUFA-130901/LUFA/Drivers/USB/Core/AVR8/EndpointStream_AVR8.o
 .debug_info    0x00000000000158ec      0x610 /home/Finland/AR_VR/AVR/LUFA-130901/LUFA/Drivers/USB/Core/AVR8/Endpoint_AVR8.o
 .debug_info    0x0000000000015efc      0x4c7 /home/Finland/AR_VR/AVR/LUFA-130901/LUFA/Drivers/USB/Core/AVR8/USBController_AVR8.o
 .debug_info    0x00000000000163c3      0x66f /home/Finland/AR_VR/AVR/LUFA-130901/LUFA/Drivers/USB/Core/AVR8/USBInterrupt_AVR8.o
 .debug_info    0x0000000000016a32      0xa4f /home/Finland/AR_VR/AVR/LUFA-130901/LUFA/Drivers/USB/Core/DeviceStandardReq.o
 .debug_info    0x0000000000017481       0x74 /home/Finland/AR_VR/AVR/LUFA-130901/LUFA/Drivers/USB/Core/Events.o
 .debug_info    0x00000000000174f5      0x267 /home/Finland/AR_VR/AVR/LUFA-130901/LUFA/Drivers/USB/Core/USBTask.o
 .debug_info    0x000000000001775c      0x42c /home/Finland/AR_VR/AVR/LUFA-130901/LUFA/Drivers/Peripheral/AVR8/TWI_AVR8.o

.debug_abbrev   0x0000000000000000     0x445c
 *(.debug_abbrev)
 .debug_abbrev  0x0000000000000000      0x96a /usr/lib/gcc/avr/4.9.2/../../../../avr/lib/avr5/crtm32u4.o
 .debug_abbrev  0x000000000000096a       0x88 u8g_src/u8g_font_data.o
 .debug_abbrev  0x00000000000009f2      0x16f u8g_src/u8g_state.o
 .debug_abbrev  0x0000000000000b61      0x242 u8g_src/u8g_pb.o
 .debug_abbrev  0x0000000000000da3      0x1a0 u8g_src/u8g_com_api.o
 .debug_abbrev  0x0000000000000f43       0xbf u8g_src/u8g_delay.o
 .debug_abbrev  0x0000000000001002      0x16e u8g_src/u8g_clip.o
 .debug_abbrev  0x0000000000001170      0x3dd u8g_src/u8g_ll_api.o
 .debug_abbrev  0x000000000000154d      0x1e8 u8g_src/u8g_pb8v1.o
 .debug_abbrev  0x0000000000001735      0x266 u8g_src/u8g_com_io.o
 .debug_abbrev  0x000000000000199b      0x1f0 u8g_src/u8g_dev_ssd1306_128x64.o
 .debug_abbrev  0x0000000000001b8b      0x45a u8g_src/u8g_font.o
 .debug_abbrev  0x0000000000001fe5       0xe8 u8g_src/u8g_page.o
 .debug_abbrev  0x00000000000020cd      0x1b4 u8g_src/u8g_com_atmega_sw_spi.o
 .debug_abbrev  0x0000000000002281      0x176 sensors/adxl345.o
 .debug_abbrev  0x00000000000023f7      0x1b0 sensors/hmc5883l.o
 .debug_abbrev  0x00000000000025a7      0x1a1 sensors/l3g4200d.o
 .debug_abbrev  0x0000000000002748      0x13d data/data.o
 .debug_abbrev  0x0000000000002885      0x19c ahrs/display.o
 .debug_abbrev  0x0000000000002a21      0x116 ahrs/vector.o
 .debug_abbrev  0x0000000000002b37      0x129 ahrs/matrix.o
 .debug_abbrev  0x0000000000002c60      0x28d ahrs/ahrs.o
 .debug_abbrev  0x0000000000002eed      0x19a ahrs/quaternion.o
 .debug_abbrev  0x0000000000003087       0xb0 buttons/buttons.o
 .debug_abbrev  0x0000000000003137      0x43d GenericHID.o
 .debug_abbrev  0x0000000000003574      0x166 Descriptors.o
 .debug_abbrev  0x00000000000036da      0x213 /home/Finland/AR_VR/AVR/LUFA-130901/LUFA/Drivers/USB/Core/AVR8/EndpointStream_AVR8.o
 .debug_abbrev  0x00000000000038ed      0x211 /home/Finland/AR_VR/AVR/LUFA-130901/LUFA/Drivers/USB/Core/AVR8/Endpoint_AVR8.o
 .debug_abbrev  0x0000000000003afe      0x194 /home/Finland/AR_VR/AVR/LUFA-130901/LUFA/Drivers/USB/Core/AVR8/USBController_AVR8.o
 .debug_abbrev  0x0000000000003c92      0x1d3 /home/Finland/AR_VR/AVR/LUFA-130901/LUFA/Drivers/USB/Core/AVR8/USBInterrupt_AVR8.o
 .debug_abbrev  0x0000000000003e65      0x29e /home/Finland/AR_VR/AVR/LUFA-130901/LUFA/Drivers/USB/Core/DeviceStandardReq.o
 .debug_abbrev  0x0000000000004103       0x42 /home/Finland/AR_VR/AVR/LUFA-130901/LUFA/Drivers/USB/Core/Events.o
 .debug_abbrev  0x0000000000004145      0x166 /home/Finland/AR_VR/AVR/LUFA-130901/LUFA/Drivers/USB/Core/USBTask.o
 .debug_abbrev  0x00000000000042ab      0x1b1 /home/Finland/AR_VR/AVR/LUFA-130901/LUFA/Drivers/Peripheral/AVR8/TWI_AVR8.o

.debug_line     0x0000000000000000     0x4722
 *(.debug_line .debug_line.* .debug_line_end)
 .debug_line    0x0000000000000000       0x1d /usr/lib/gcc/avr/4.9.2/../../../../avr/lib/avr5/crtm32u4.o
 .debug_line    0x000000000000001d       0x5e u8g_src/u8g_font_data.o
 .debug_line    0x000000000000007b       0x91 u8g_src/u8g_state.o
 .debug_line    0x000000000000010c      0x117 u8g_src/u8g_pb.o
 .debug_line    0x0000000000000223      0x129 u8g_src/u8g_com_api.o
 .debug_line    0x000000000000034c       0xc7 u8g_src/u8g_delay.o
 .debug_line    0x0000000000000413       0x8c u8g_src/u8g_clip.o
 .debug_line    0x000000000000049f      0x428 u8g_src/u8g_ll_api.o
 .debug_line    0x00000000000008c7      0x102 u8g_src/u8g_pb8v1.o
 .debug_line    0x00000000000009c9      0x141 u8g_src/u8g_com_io.o
 .debug_line    0x0000000000000b0a      0x128 u8g_src/u8g_dev_ssd1306_128x64.o
 .debug_line    0x0000000000000c32      0x84b u8g_src/u8g_font.o
 .debug_line    0x000000000000147d       0x9c u8g_src/u8g_page.o
 .debug_line    0x0000000000001519       0xc3 u8g_src/u8g_com_atmega_sw_spi.o
 .debug_line    0x00000000000015dc      0x160 sensors/adxl345.o
 .debug_line    0x000000000000173c      0x188 sensors/hmc5883l.o
 .debug_line    0x00000000000018c4      0x1a0 sensors/l3g4200d.o
 .debug_line    0x0000000000001a64      0x124 data/data.o
 .debug_line    0x0000000000001b88       0xd1 ahrs/display.o
 .debug_line    0x0000000000001c59      0x10f ahrs/vector.o
 .debug_line    0x0000000000001d68       0xde ahrs/matrix.o
 .debug_line    0x0000000000001e46      0x25e ahrs/ahrs.o
 .debug_line    0x00000000000020a4      0x16a ahrs/quaternion.o
 .debug_line    0x000000000000220e       0xb1 buttons/buttons.o
 .debug_line    0x00000000000022bf      0x548 GenericHID.o
 .debug_line    0x0000000000002807      0x1ce Descriptors.o
 .debug_line    0x00000000000029d5      0xb32 /home/Finland/AR_VR/AVR/LUFA-130901/LUFA/Drivers/USB/Core/AVR8/EndpointStream_AVR8.o
 .debug_line    0x0000000000003507      0x3de /home/Finland/AR_VR/AVR/LUFA-130901/LUFA/Drivers/USB/Core/AVR8/Endpoint_AVR8.o
 .debug_line    0x00000000000038e5      0x2e7 /home/Finland/AR_VR/AVR/LUFA-130901/LUFA/Drivers/USB/Core/AVR8/USBController_AVR8.o
 .debug_line    0x0000000000003bcc      0x412 /home/Finland/AR_VR/AVR/LUFA-130901/LUFA/Drivers/USB/Core/AVR8/USBInterrupt_AVR8.o
 .debug_line    0x0000000000003fde      0x370 /home/Finland/AR_VR/AVR/LUFA-130901/LUFA/Drivers/USB/Core/DeviceStandardReq.o
 .debug_line    0x000000000000434e       0x72 /home/Finland/AR_VR/AVR/LUFA-130901/LUFA/Drivers/USB/Core/Events.o
 .debug_line    0x00000000000043c0      0x18c /home/Finland/AR_VR/AVR/LUFA-130901/LUFA/Drivers/USB/Core/USBTask.o
 .debug_line    0x000000000000454c      0x1d6 /home/Finland/AR_VR/AVR/LUFA-130901/LUFA/Drivers/Peripheral/AVR8/TWI_AVR8.o

.debug_frame    0x0000000000000000     0x29e4
 *(.debug_frame)
 .debug_frame   0x0000000000000000       0x44 u8g_src/u8g_state.o
 .debug_frame   0x0000000000000044       0x98 u8g_src/u8g_pb.o
 .debug_frame   0x00000000000000dc       0xdc u8g_src/u8g_com_api.o
 .debug_frame   0x00000000000001b8       0x44 u8g_src/u8g_delay.o
 .debug_frame   0x00000000000001fc       0x2c u8g_src/u8g_clip.o
 .debug_frame   0x0000000000000228      0x55c u8g_src/u8g_ll_api.o
 .debug_frame   0x0000000000000784       0xc8 u8g_src/u8g_pb8v1.o
 .debug_frame   0x000000000000084c       0xc8 u8g_src/u8g_com_io.o
 .debug_frame   0x0000000000000914      0x154 u8g_src/u8g_dev_ssd1306_128x64.o
 .debug_frame   0x0000000000000a68      0xa5c u8g_src/u8g_font.o
 .debug_frame   0x00000000000014c4       0x44 u8g_src/u8g_page.o
 .debug_frame   0x0000000000001508       0x6c u8g_src/u8g_com_atmega_sw_spi.o
 .debug_frame   0x0000000000001574       0xd0 sensors/adxl345.o
 .debug_frame   0x0000000000001644       0xd8 sensors/hmc5883l.o
 .debug_frame   0x000000000000171c      0x100 sensors/l3g4200d.o
 .debug_frame   0x000000000000181c       0x5c data/data.o
 .debug_frame   0x0000000000001878       0xc4 ahrs/display.o
 .debug_frame   0x000000000000193c      0x2cc ahrs/vector.o
 .debug_frame   0x0000000000001c08      0x17c ahrs/matrix.o
 .debug_frame   0x0000000000001d84      0x208 ahrs/ahrs.o
 .debug_frame   0x0000000000001f8c      0x290 ahrs/quaternion.o
 .debug_frame   0x000000000000221c       0x34 buttons/buttons.o
 .debug_frame   0x0000000000002250       0xf0 GenericHID.o
 .debug_frame   0x0000000000002340       0x24 Descriptors.o
 .debug_frame   0x0000000000002364      0x3bc /home/Finland/AR_VR/AVR/LUFA-130901/LUFA/Drivers/USB/Core/AVR8/EndpointStream_AVR8.o
 .debug_frame   0x0000000000002720       0x84 /home/Finland/AR_VR/AVR/LUFA-130901/LUFA/Drivers/USB/Core/AVR8/Endpoint_AVR8.o
 .debug_frame   0x00000000000027a4       0x58 /home/Finland/AR_VR/AVR/LUFA-130901/LUFA/Drivers/USB/Core/AVR8/USBController_AVR8.o
 .debug_frame   0x00000000000027fc       0x8c /home/Finland/AR_VR/AVR/LUFA-130901/LUFA/Drivers/USB/Core/AVR8/USBInterrupt_AVR8.o
 .debug_frame   0x0000000000002888       0x3c /home/Finland/AR_VR/AVR/LUFA-130901/LUFA/Drivers/USB/Core/DeviceStandardReq.o
 .debug_frame   0x00000000000028c4       0x24 /home/Finland/AR_VR/AVR/LUFA-130901/LUFA/Drivers/USB/Core/Events.o
 .debug_frame   0x00000000000028e8       0x2c /home/Finland/AR_VR/AVR/LUFA-130901/LUFA/Drivers/USB/Core/USBTask.o
 .debug_frame   0x0000000000002914       0xd0 /home/Finland/AR_VR/AVR/LUFA-130901/LUFA/Drivers/Peripheral/AVR8/TWI_AVR8.o

.debug_str      0x0000000000000000     0x5c04
 *(.debug_str)
 .debug_str     0x0000000000000000      0x371 /usr/lib/gcc/avr/4.9.2/../../../../avr/lib/avr5/crtm32u4.o
 .debug_str     0x0000000000000371     0x1c27 u8g_src/u8g_font_data.o
                                       0x1c63 (size before relaxing)
 .debug_str     0x0000000000001f98      0x248 u8g_src/u8g_state.o
                                        0x465 (size before relaxing)
 .debug_str     0x00000000000021e0      0x10a u8g_src/u8g_pb.o
                                        0x518 (size before relaxing)
 .debug_str     0x00000000000022ea       0xf6 u8g_src/u8g_com_api.o
                                        0x4eb (size before relaxing)
 .debug_str     0x00000000000023e0       0x4a u8g_src/u8g_delay.o
                                        0x200 (size before relaxing)
 .debug_str     0x000000000000242a       0x4b u8g_src/u8g_clip.o
                                        0x42e (size before relaxing)
 .debug_str     0x0000000000002475      0x323 u8g_src/u8g_ll_api.o
                                        0x722 (size before relaxing)
 .debug_str     0x0000000000002798       0xbd u8g_src/u8g_pb8v1.o
                                        0x52e (size before relaxing)
 .debug_str     0x0000000000002855      0x100 u8g_src/u8g_com_io.o
                                        0x4ef (size before relaxing)
 .debug_str     0x0000000000002955      0x6ac u8g_src/u8g_dev_ssd1306_128x64.o
                                        0xb6e (size before relaxing)
 .debug_str     0x0000000000003001      0x713 u8g_src/u8g_font.o
                                        0xbac (size before relaxing)
 .debug_str     0x0000000000003714       0x21 u8g_src/u8g_page.o
                                        0x239 (size before relaxing)
 .debug_str     0x0000000000003735       0x65 u8g_src/u8g_com_atmega_sw_spi.o
                                        0x491 (size before relaxing)
 .debug_str     0x000000000000379a      0x1b1 sensors/adxl345.o
                                        0x379 (size before relaxing)
 .debug_str     0x000000000000394b      0x145 sensors/hmc5883l.o
                                        0x481 (size before relaxing)
 .debug_str     0x0000000000003a90       0x81 sensors/l3g4200d.o
                                        0x3b1 (size before relaxing)
 .debug_str     0x0000000000003b11       0x54 data/data.o
                                        0x346 (size before relaxing)
 .debug_str     0x0000000000003b65       0x74 ahrs/display.o
                                        0x4f8 (size before relaxing)
 .debug_str     0x0000000000003bd9       0x7d ahrs/vector.o
                                        0x1c6 (size before relaxing)
 .debug_str     0x0000000000003c56       0x40 ahrs/matrix.o
                                        0x230 (size before relaxing)
 .debug_str     0x0000000000003c96      0x1bc ahrs/ahrs.o
                                        0x7f6 (size before relaxing)
 .debug_str     0x0000000000003e52       0x32 ahrs/quaternion.o
                                        0x27c (size before relaxing)
 .debug_str     0x0000000000003e84       0x2c buttons/buttons.o
                                        0x25a (size before relaxing)
 .debug_str     0x0000000000003eb0      0x4fd GenericHID.o
                                        0xb33 (size before relaxing)
 .debug_str     0x00000000000043ad      0x70d Descriptors.o
                                        0x950 (size before relaxing)
 .debug_str     0x0000000000004aba      0x4cc /home/Finland/AR_VR/AVR/LUFA-130901/LUFA/Drivers/USB/Core/AVR8/EndpointStream_AVR8.o
                                        0x870 (size before relaxing)
 .debug_str     0x0000000000004f86      0x289 /home/Finland/AR_VR/AVR/LUFA-130901/LUFA/Drivers/USB/Core/AVR8/Endpoint_AVR8.o
                                        0x623 (size before relaxing)
 .debug_str     0x000000000000520f      0x2ab /home/Finland/AR_VR/AVR/LUFA-130901/LUFA/Drivers/USB/Core/AVR8/USBController_AVR8.o
                                        0x562 (size before relaxing)
 .debug_str     0x00000000000054ba      0x150 /home/Finland/AR_VR/AVR/LUFA-130901/LUFA/Drivers/USB/Core/AVR8/USBInterrupt_AVR8.o
                                        0x537 (size before relaxing)
 .debug_str     0x000000000000560a      0x449 /home/Finland/AR_VR/AVR/LUFA-130901/LUFA/Drivers/USB/Core/DeviceStandardReq.o
                                        0x9d5 (size before relaxing)
 .debug_str     0x0000000000005a53       0x52 /home/Finland/AR_VR/AVR/LUFA-130901/LUFA/Drivers/USB/Core/Events.o
                                        0x1a7 (size before relaxing)
 .debug_str     0x0000000000005aa5       0x7c /home/Finland/AR_VR/AVR/LUFA-130901/LUFA/Drivers/USB/Core/USBTask.o
                                        0x388 (size before relaxing)
 .debug_str     0x0000000000005b21       0xe3 /home/Finland/AR_VR/AVR/LUFA-130901/LUFA/Drivers/Peripheral/AVR8/TWI_AVR8.o
                                        0x398 (size before relaxing)

.debug_loc      0x0000000000000000    0x118c6
 *(.debug_loc)
 .debug_loc     0x0000000000000000       0x96 u8g_src/u8g_state.o
 .debug_loc     0x0000000000000096      0x500 u8g_src/u8g_pb.o
 .debug_loc     0x0000000000000596      0x658 u8g_src/u8g_com_api.o
 .debug_loc     0x0000000000000bee       0x67 u8g_src/u8g_delay.o
 .debug_loc     0x0000000000000c55      0x1e8 u8g_src/u8g_clip.o
 .debug_loc     0x0000000000000e3d     0x24d4 u8g_src/u8g_ll_api.o
 .debug_loc     0x0000000000003311      0x6b2 u8g_src/u8g_pb8v1.o
 .debug_loc     0x00000000000039c3      0x423 u8g_src/u8g_com_io.o
 .debug_loc     0x0000000000003de6      0xbd6 u8g_src/u8g_dev_ssd1306_128x64.o
 .debug_loc     0x00000000000049bc     0x49e0 u8g_src/u8g_font.o
 .debug_loc     0x000000000000939c       0xf8 u8g_src/u8g_page.o
 .debug_loc     0x0000000000009494      0x381 u8g_src/u8g_com_atmega_sw_spi.o
 .debug_loc     0x0000000000009815      0x3df sensors/adxl345.o
 .debug_loc     0x0000000000009bf4      0x4cb sensors/hmc5883l.o
 .debug_loc     0x000000000000a0bf      0x49c sensors/l3g4200d.o
 .debug_loc     0x000000000000a55b      0x188 data/data.o
 .debug_loc     0x000000000000a6e3      0x28e ahrs/display.o
 .debug_loc     0x000000000000a971      0xdd7 ahrs/vector.o
 .debug_loc     0x000000000000b748      0xb40 ahrs/matrix.o
 .debug_loc     0x000000000000c288      0x97b ahrs/ahrs.o
 .debug_loc     0x000000000000cc03     0x197d ahrs/quaternion.o
 .debug_loc     0x000000000000e580       0x28 buttons/buttons.o
 .debug_loc     0x000000000000e5a8      0x1ab GenericHID.o
 .debug_loc     0x000000000000e753      0x24b Descriptors.o
 .debug_loc     0x000000000000e99e     0x1ef6 /home/Finland/AR_VR/AVR/LUFA-130901/LUFA/Drivers/USB/Core/AVR8/EndpointStream_AVR8.o
 .debug_loc     0x0000000000010894      0x3df /home/Finland/AR_VR/AVR/LUFA-130901/LUFA/Drivers/USB/Core/AVR8/Endpoint_AVR8.o
 .debug_loc     0x0000000000010c73       0x49 /home/Finland/AR_VR/AVR/LUFA-130901/LUFA/Drivers/USB/Core/AVR8/USBController_AVR8.o
 .debug_loc     0x0000000000010cbc      0x247 /home/Finland/AR_VR/AVR/LUFA-130901/LUFA/Drivers/USB/Core/AVR8/USBInterrupt_AVR8.o
 .debug_loc     0x0000000000010f03      0x2e7 /home/Finland/AR_VR/AVR/LUFA-130901/LUFA/Drivers/USB/Core/DeviceStandardReq.o
 .debug_loc     0x00000000000111ea       0x49 /home/Finland/AR_VR/AVR/LUFA-130901/LUFA/Drivers/USB/Core/USBTask.o
 .debug_loc     0x0000000000011233      0x693 /home/Finland/AR_VR/AVR/LUFA-130901/LUFA/Drivers/Peripheral/AVR8/TWI_AVR8.o

.debug_macinfo
 *(.debug_macinfo)

.debug_weaknames
 *(.debug_weaknames)

.debug_funcnames
 *(.debug_funcnames)

.debug_typenames
 *(.debug_typenames)

.debug_varnames
 *(.debug_varnames)

.debug_pubtypes
 *(.debug_pubtypes)

.debug_ranges   0x0000000000000000      0xc68
 *(.debug_ranges)
 .debug_ranges  0x0000000000000000       0x20 u8g_src/u8g_state.o
 .debug_ranges  0x0000000000000020       0x58 u8g_src/u8g_pb.o
 .debug_ranges  0x0000000000000078       0x58 u8g_src/u8g_com_api.o
 .debug_ranges  0x00000000000000d0       0x38 u8g_src/u8g_delay.o
 .debug_ranges  0x0000000000000108       0x28 u8g_src/u8g_clip.o
 .debug_ranges  0x0000000000000130      0x188 u8g_src/u8g_ll_api.o
 .debug_ranges  0x00000000000002b8       0x38 u8g_src/u8g_pb8v1.o
 .debug_ranges  0x00000000000002f0       0x60 u8g_src/u8g_com_io.o
 .debug_ranges  0x0000000000000350       0x30 u8g_src/u8g_dev_ssd1306_128x64.o
 .debug_ranges  0x0000000000000380      0x380 u8g_src/u8g_font.o
 .debug_ranges  0x0000000000000700       0x20 u8g_src/u8g_page.o
 .debug_ranges  0x0000000000000720       0x18 u8g_src/u8g_com_atmega_sw_spi.o
 .debug_ranges  0x0000000000000738       0x20 sensors/adxl345.o
 .debug_ranges  0x0000000000000758       0x20 sensors/hmc5883l.o
 .debug_ranges  0x0000000000000778       0x30 sensors/l3g4200d.o
 .debug_ranges  0x00000000000007a8       0x10 data/data.o
 .debug_ranges  0x00000000000007b8       0x30 ahrs/display.o
 .debug_ranges  0x00000000000007e8       0x48 ahrs/vector.o
 .debug_ranges  0x0000000000000830       0x28 ahrs/matrix.o
 .debug_ranges  0x0000000000000858       0x30 ahrs/ahrs.o
 .debug_ranges  0x0000000000000888       0x38 ahrs/quaternion.o
 .debug_ranges  0x00000000000008c0       0x18 buttons/buttons.o
 .debug_ranges  0x00000000000008d8       0x58 GenericHID.o
 .debug_ranges  0x0000000000000930       0x10 Descriptors.o
 .debug_ranges  0x0000000000000940      0x1f8 /home/Finland/AR_VR/AVR/LUFA-130901/LUFA/Drivers/USB/Core/AVR8/EndpointStream_AVR8.o
 .debug_ranges  0x0000000000000b38       0x78 /home/Finland/AR_VR/AVR/LUFA-130901/LUFA/Drivers/USB/Core/AVR8/Endpoint_AVR8.o
 .debug_ranges  0x0000000000000bb0       0x20 /home/Finland/AR_VR/AVR/LUFA-130901/LUFA/Drivers/USB/Core/AVR8/USBController_AVR8.o
 .debug_ranges  0x0000000000000bd0       0x20 /home/Finland/AR_VR/AVR/LUFA-130901/LUFA/Drivers/USB/Core/AVR8/USBInterrupt_AVR8.o
 .debug_ranges  0x0000000000000bf0       0x28 /home/Finland/AR_VR/AVR/LUFA-130901/LUFA/Drivers/USB/Core/DeviceStandardReq.o
 .debug_ranges  0x0000000000000c18       0x10 /home/Finland/AR_VR/AVR/LUFA-130901/LUFA/Drivers/USB/Core/Events.o
 .debug_ranges  0x0000000000000c28       0x10 /home/Finland/AR_VR/AVR/LUFA-130901/LUFA/Drivers/USB/Core/USBTask.o
 .debug_ranges  0x0000000000000c38       0x30 /home/Finland/AR_VR/AVR/LUFA-130901/LUFA/Drivers/Peripheral/AVR8/TWI_AVR8.o

.debug_macro
 *(.debug_macro)
OUTPUT(GenericHID.elf elf32-avr)
LOAD linker stubs

Cross Reference Table

Symbol                                            File
CALLBACK_HIDParser_FilterHIDReportItem            /home/Finland/AR_VR/AVR/LUFA-130901/LUFA/Drivers/USB/Class/Common/HIDParser.o
CALLBACK_USB_GetDescriptor                        Descriptors.o
                                                  /home/Finland/AR_VR/AVR/LUFA-130901/LUFA/Drivers/USB/Core/DeviceStandardReq.o
ConfigurationDescriptor                           Descriptors.o
CreateGenericHIDReport                            GenericHID.o
DeviceDescriptor                                  Descriptors.o
EVENT_USB_Device_ConfigurationChanged             GenericHID.o
                                                  /home/Finland/AR_VR/AVR/LUFA-130901/LUFA/Drivers/USB/Core/DeviceStandardReq.o
EVENT_USB_Device_Connect                          GenericHID.o
                                                  /home/Finland/AR_VR/AVR/LUFA-130901/LUFA/Drivers/USB/Core/AVR8/USBInterrupt_AVR8.o
EVENT_USB_Device_ControlRequest                   GenericHID.o
                                                  /home/Finland/AR_VR/AVR/LUFA-130901/LUFA/Drivers/USB/Core/DeviceStandardReq.o
EVENT_USB_Device_Disconnect                       GenericHID.o
                                                  /home/Finland/AR_VR/AVR/LUFA-130901/LUFA/Drivers/USB/Core/AVR8/USBInterrupt_AVR8.o
EVENT_USB_Device_Reset                            /home/Finland/AR_VR/AVR/LUFA-130901/LUFA/Drivers/USB/Core/Events.o
                                                  /home/Finland/AR_VR/AVR/LUFA-130901/LUFA/Drivers/USB/Core/AVR8/USBInterrupt_AVR8.o
EVENT_USB_Device_StartOfFrame                     /home/Finland/AR_VR/AVR/LUFA-130901/LUFA/Drivers/USB/Core/Events.o
                                                  /home/Finland/AR_VR/AVR/LUFA-130901/LUFA/Drivers/USB/Core/AVR8/USBInterrupt_AVR8.o
EVENT_USB_Device_Suspend                          /home/Finland/AR_VR/AVR/LUFA-130901/LUFA/Drivers/USB/Core/Events.o
                                                  /home/Finland/AR_VR/AVR/LUFA-130901/LUFA/Drivers/USB/Core/AVR8/USBInterrupt_AVR8.o
EVENT_USB_Device_WakeUp                           /home/Finland/AR_VR/AVR/LUFA-130901/LUFA/Drivers/USB/Core/Events.o
                                                  /home/Finland/AR_VR/AVR/LUFA-130901/LUFA/Drivers/USB/Core/AVR8/USBInterrupt_AVR8.o
Endpoint_ClearEndpoints                           /home/Finland/AR_VR/AVR/LUFA-130901/LUFA/Drivers/USB/Core/AVR8/Endpoint_AVR8.o
Endpoint_ClearStatusStage                         /home/Finland/AR_VR/AVR/LUFA-130901/LUFA/Drivers/USB/Core/AVR8/Endpoint_AVR8.o
                                                  /home/Finland/AR_VR/AVR/LUFA-130901/LUFA/Drivers/USB/Core/DeviceStandardReq.o
Endpoint_ConfigureEndpointTable                   /home/Finland/AR_VR/AVR/LUFA-130901/LUFA/Drivers/USB/Core/AVR8/Endpoint_AVR8.o
Endpoint_ConfigureEndpoint_Prv                    /home/Finland/AR_VR/AVR/LUFA-130901/LUFA/Drivers/USB/Core/AVR8/Endpoint_AVR8.o
                                                  /home/Finland/AR_VR/AVR/LUFA-130901/LUFA/Drivers/USB/Core/AVR8/USBInterrupt_AVR8.o
                                                  /home/Finland/AR_VR/AVR/LUFA-130901/LUFA/Drivers/USB/Core/AVR8/USBController_AVR8.o
                                                  GenericHID.o
Endpoint_Discard_Stream                           /home/Finland/AR_VR/AVR/LUFA-130901/LUFA/Drivers/USB/Core/AVR8/EndpointStream_AVR8.o
Endpoint_Null_Stream                              /home/Finland/AR_VR/AVR/LUFA-130901/LUFA/Drivers/USB/Core/AVR8/EndpointStream_AVR8.o
Endpoint_Read_Control_EStream_BE                  /home/Finland/AR_VR/AVR/LUFA-130901/LUFA/Drivers/USB/Core/AVR8/EndpointStream_AVR8.o
Endpoint_Read_Control_EStream_LE                  /home/Finland/AR_VR/AVR/LUFA-130901/LUFA/Drivers/USB/Core/AVR8/EndpointStream_AVR8.o
Endpoint_Read_Control_Stream_BE                   /home/Finland/AR_VR/AVR/LUFA-130901/LUFA/Drivers/USB/Core/AVR8/EndpointStream_AVR8.o
Endpoint_Read_Control_Stream_LE                   /home/Finland/AR_VR/AVR/LUFA-130901/LUFA/Drivers/USB/Core/AVR8/EndpointStream_AVR8.o
                                                  GenericHID.o
Endpoint_Read_EStream_BE                          /home/Finland/AR_VR/AVR/LUFA-130901/LUFA/Drivers/USB/Core/AVR8/EndpointStream_AVR8.o
Endpoint_Read_EStream_LE                          /home/Finland/AR_VR/AVR/LUFA-130901/LUFA/Drivers/USB/Core/AVR8/EndpointStream_AVR8.o
Endpoint_Read_Stream_BE                           /home/Finland/AR_VR/AVR/LUFA-130901/LUFA/Drivers/USB/Core/AVR8/EndpointStream_AVR8.o
Endpoint_Read_Stream_LE                           /home/Finland/AR_VR/AVR/LUFA-130901/LUFA/Drivers/USB/Core/AVR8/EndpointStream_AVR8.o
                                                  GenericHID.o
Endpoint_WaitUntilReady                           /home/Finland/AR_VR/AVR/LUFA-130901/LUFA/Drivers/USB/Core/AVR8/Endpoint_AVR8.o
                                                  /home/Finland/AR_VR/AVR/LUFA-130901/LUFA/Drivers/USB/Core/AVR8/EndpointStream_AVR8.o
Endpoint_Write_Control_EStream_BE                 /home/Finland/AR_VR/AVR/LUFA-130901/LUFA/Drivers/USB/Core/AVR8/EndpointStream_AVR8.o
Endpoint_Write_Control_EStream_LE                 /home/Finland/AR_VR/AVR/LUFA-130901/LUFA/Drivers/USB/Core/AVR8/EndpointStream_AVR8.o
Endpoint_Write_Control_PStream_BE                 /home/Finland/AR_VR/AVR/LUFA-130901/LUFA/Drivers/USB/Core/AVR8/EndpointStream_AVR8.o
Endpoint_Write_Control_PStream_LE                 /home/Finland/AR_VR/AVR/LUFA-130901/LUFA/Drivers/USB/Core/AVR8/EndpointStream_AVR8.o
                                                  /home/Finland/AR_VR/AVR/LUFA-130901/LUFA/Drivers/USB/Core/DeviceStandardReq.o
Endpoint_Write_Control_Stream_BE                  /home/Finland/AR_VR/AVR/LUFA-130901/LUFA/Drivers/USB/Core/AVR8/EndpointStream_AVR8.o
Endpoint_Write_Control_Stream_LE                  /home/Finland/AR_VR/AVR/LUFA-130901/LUFA/Drivers/USB/Core/AVR8/EndpointStream_AVR8.o
                                                  /home/Finland/AR_VR/AVR/LUFA-130901/LUFA/Drivers/USB/Core/DeviceStandardReq.o
                                                  GenericHID.o
Endpoint_Write_EStream_BE                         /home/Finland/AR_VR/AVR/LUFA-130901/LUFA/Drivers/USB/Core/AVR8/EndpointStream_AVR8.o
Endpoint_Write_EStream_LE                         /home/Finland/AR_VR/AVR/LUFA-130901/LUFA/Drivers/USB/Core/AVR8/EndpointStream_AVR8.o
Endpoint_Write_PStream_BE                         /home/Finland/AR_VR/AVR/LUFA-130901/LUFA/Drivers/USB/Core/AVR8/EndpointStream_AVR8.o
Endpoint_Write_PStream_LE                         /home/Finland/AR_VR/AVR/LUFA-130901/LUFA/Drivers/USB/Core/AVR8/EndpointStream_AVR8.o
Endpoint_Write_Stream_BE                          /home/Finland/AR_VR/AVR/LUFA-130901/LUFA/Drivers/USB/Core/AVR8/EndpointStream_AVR8.o
Endpoint_Write_Stream_LE                          /home/Finland/AR_VR/AVR/LUFA-130901/LUFA/Drivers/USB/Core/AVR8/EndpointStream_AVR8.o
                                                  GenericHID.o
GenericReport                                     Descriptors.o
HID_Task                                          GenericHID.o
LanguageString                                    Descriptors.o
ManufacturerString                                Descriptors.o
ProcessGenericHIDReport                           GenericHID.o
ProductString                                     Descriptors.o
SetupHardware                                     GenericHID.o
TWI_ReadPacket                                    /home/Finland/AR_VR/AVR/LUFA-130901/LUFA/Drivers/Peripheral/AVR8/TWI_AVR8.o
TWI_ReceiveByte                                   /home/Finland/AR_VR/AVR/LUFA-130901/LUFA/Drivers/Peripheral/AVR8/TWI_AVR8.o
                                                  sensors/l3g4200d.o
                                                  sensors/hmc5883l.o
                                                  sensors/adxl345.o
TWI_SendByte                                      /home/Finland/AR_VR/AVR/LUFA-130901/LUFA/Drivers/Peripheral/AVR8/TWI_AVR8.o
                                                  sensors/l3g4200d.o
                                                  sensors/hmc5883l.o
                                                  sensors/adxl345.o
TWI_StartTransmission                             /home/Finland/AR_VR/AVR/LUFA-130901/LUFA/Drivers/Peripheral/AVR8/TWI_AVR8.o
                                                  sensors/l3g4200d.o
                                                  sensors/hmc5883l.o
                                                  sensors/adxl345.o
TWI_WritePacket                                   /home/Finland/AR_VR/AVR/LUFA-130901/LUFA/Drivers/Peripheral/AVR8/TWI_AVR8.o
USB_ControlRequest                                /home/Finland/AR_VR/AVR/LUFA-130901/LUFA/Drivers/USB/Core/USBTask.o
                                                  /home/Finland/AR_VR/AVR/LUFA-130901/LUFA/Drivers/USB/Core/DeviceStandardReq.o
                                                  /home/Finland/AR_VR/AVR/LUFA-130901/LUFA/Drivers/USB/Core/AVR8/Endpoint_AVR8.o
                                                  /home/Finland/AR_VR/AVR/LUFA-130901/LUFA/Drivers/USB/Core/AVR8/EndpointStream_AVR8.o
                                                  GenericHID.o
USB_DeviceState                                   /home/Finland/AR_VR/AVR/LUFA-130901/LUFA/Drivers/USB/Core/USBTask.o
                                                  /home/Finland/AR_VR/AVR/LUFA-130901/LUFA/Drivers/USB/Core/DeviceStandardReq.o
                                                  /home/Finland/AR_VR/AVR/LUFA-130901/LUFA/Drivers/USB/Core/AVR8/USBInterrupt_AVR8.o
                                                  /home/Finland/AR_VR/AVR/LUFA-130901/LUFA/Drivers/USB/Core/AVR8/USBController_AVR8.o
                                                  /home/Finland/AR_VR/AVR/LUFA-130901/LUFA/Drivers/USB/Core/AVR8/Endpoint_AVR8.o
                                                  /home/Finland/AR_VR/AVR/LUFA-130901/LUFA/Drivers/USB/Core/AVR8/EndpointStream_AVR8.o
                                                  GenericHID.o
USB_Device_ConfigurationNumber                    /home/Finland/AR_VR/AVR/LUFA-130901/LUFA/Drivers/USB/Core/DeviceStandardReq.o
                                                  /home/Finland/AR_VR/AVR/LUFA-130901/LUFA/Drivers/USB/Core/AVR8/USBInterrupt_AVR8.o
                                                  /home/Finland/AR_VR/AVR/LUFA-130901/LUFA/Drivers/USB/Core/AVR8/USBController_AVR8.o
USB_Device_CurrentlySelfPowered                   /home/Finland/AR_VR/AVR/LUFA-130901/LUFA/Drivers/USB/Core/DeviceStandardReq.o
                                                  /home/Finland/AR_VR/AVR/LUFA-130901/LUFA/Drivers/USB/Core/AVR8/USBController_AVR8.o
USB_Device_ProcessControlRequest                  /home/Finland/AR_VR/AVR/LUFA-130901/LUFA/Drivers/USB/Core/DeviceStandardReq.o
                                                  /home/Finland/AR_VR/AVR/LUFA-130901/LUFA/Drivers/USB/Core/USBTask.o
USB_Device_RemoteWakeupEnabled                    /home/Finland/AR_VR/AVR/LUFA-130901/LUFA/Drivers/USB/Core/DeviceStandardReq.o
                                                  /home/Finland/AR_VR/AVR/LUFA-130901/LUFA/Drivers/USB/Core/AVR8/USBController_AVR8.o
USB_Device_SendRemoteWakeup                       /home/Finland/AR_VR/AVR/LUFA-130901/LUFA/Drivers/USB/Core/AVR8/Device_AVR8.o
USB_Disable                                       /home/Finland/AR_VR/AVR/LUFA-130901/LUFA/Drivers/USB/Core/AVR8/USBController_AVR8.o
USB_Event_Stub                                    /home/Finland/AR_VR/AVR/LUFA-130901/LUFA/Drivers/USB/Core/Events.o
USB_GetHIDReportItemInfo                          /home/Finland/AR_VR/AVR/LUFA-130901/LUFA/Drivers/USB/Class/Common/HIDParser.o
USB_GetHIDReportSize                              /home/Finland/AR_VR/AVR/LUFA-130901/LUFA/Drivers/USB/Class/Common/HIDParser.o
USB_GetNextDescriptorComp                         /home/Finland/AR_VR/AVR/LUFA-130901/LUFA/Drivers/USB/Core/ConfigDescriptors.o
USB_GetNextDescriptorOfType                       /home/Finland/AR_VR/AVR/LUFA-130901/LUFA/Drivers/USB/Core/ConfigDescriptors.o
USB_GetNextDescriptorOfTypeAfter                  /home/Finland/AR_VR/AVR/LUFA-130901/LUFA/Drivers/USB/Core/ConfigDescriptors.o
USB_GetNextDescriptorOfTypeBefore                 /home/Finland/AR_VR/AVR/LUFA-130901/LUFA/Drivers/USB/Core/ConfigDescriptors.o
USB_INT_ClearAllInterrupts                        /home/Finland/AR_VR/AVR/LUFA-130901/LUFA/Drivers/USB/Core/AVR8/USBInterrupt_AVR8.o
                                                  /home/Finland/AR_VR/AVR/LUFA-130901/LUFA/Drivers/USB/Core/AVR8/USBController_AVR8.o
USB_INT_DisableAllInterrupts                      /home/Finland/AR_VR/AVR/LUFA-130901/LUFA/Drivers/USB/Core/AVR8/USBInterrupt_AVR8.o
                                                  /home/Finland/AR_VR/AVR/LUFA-130901/LUFA/Drivers/USB/Core/AVR8/USBController_AVR8.o
USB_Init                                          /home/Finland/AR_VR/AVR/LUFA-130901/LUFA/Drivers/USB/Core/AVR8/USBController_AVR8.o
                                                  GenericHID.o
USB_IsInitialized                                 /home/Finland/AR_VR/AVR/LUFA-130901/LUFA/Drivers/USB/Core/USBTask.o
                                                  /home/Finland/AR_VR/AVR/LUFA-130901/LUFA/Drivers/USB/Core/AVR8/USBController_AVR8.o
USB_ProcessHIDReport                              /home/Finland/AR_VR/AVR/LUFA-130901/LUFA/Drivers/USB/Class/Common/HIDParser.o
USB_ResetInterface                                /home/Finland/AR_VR/AVR/LUFA-130901/LUFA/Drivers/USB/Core/AVR8/USBController_AVR8.o
USB_SetHIDReportItemInfo                          /home/Finland/AR_VR/AVR/LUFA-130901/LUFA/Drivers/USB/Class/Common/HIDParser.o
USB_USBTask                                       /home/Finland/AR_VR/AVR/LUFA-130901/LUFA/Drivers/USB/Core/USBTask.o
                                                  /home/Finland/AR_VR/AVR/LUFA-130901/LUFA/Drivers/USB/Core/AVR8/EndpointStream_AVR8.o
                                                  GenericHID.o
__addsf3                                          /usr/lib/gcc/avr/4.9.2/../../../../avr/lib/avr5/libm.a(addsf3.o)
                                                  ahrs/quaternion.o
                                                  ahrs/ahrs.o
                                                  ahrs/matrix.o
                                                  ahrs/vector.o
                                                  sensors/l3g4200d.o
__addsf3x                                         /usr/lib/gcc/avr/4.9.2/../../../../avr/lib/avr5/libm.a(addsf3x.o)
                                                  /usr/lib/gcc/avr/4.9.2/../../../../avr/lib/avr5/libm.a(fp_powser.o)
                                                  /usr/lib/gcc/avr/4.9.2/../../../../avr/lib/avr5/libm.a(fp_sinus.o)
                                                  /usr/lib/gcc/avr/4.9.2/../../../../avr/lib/avr5/libm.a(addsf3.o)
__bad_interrupt                                   /usr/lib/gcc/avr/4.9.2/../../../../avr/lib/avr5/crtm32u4.o
__bss_end                                         /usr/lib/gcc/avr/4.9.2/avr5/libgcc.a(_clear_bss.o)
__bss_start                                       /usr/lib/gcc/avr/4.9.2/avr5/libgcc.a(_clear_bss.o)
__cmpsf2                                          /usr/lib/gcc/avr/4.9.2/../../../../avr/lib/avr5/libm.a(cmpsf2.o)
__data_end                                        /usr/lib/gcc/avr/4.9.2/avr5/libgcc.a(_copy_data.o)
__data_load_start                                 /usr/lib/gcc/avr/4.9.2/avr5/libgcc.a(_copy_data.o)
__data_start                                      /usr/lib/gcc/avr/4.9.2/avr5/libgcc.a(_copy_data.o)
__divmodhi4                                       /usr/lib/gcc/avr/4.9.2/avr5/libgcc.a(_divmodhi4.o)
                                                  u8g_src/u8g_polygon.o
__divsf3                                          /usr/lib/gcc/avr/4.9.2/../../../../avr/lib/avr5/libm.a(divsf3.o)
                                                  GenericHID.o
                                                  ahrs/quaternion.o
                                                  ahrs/ahrs.o
                                                  ahrs/vector.o
__divsf3_pse                                      /usr/lib/gcc/avr/4.9.2/../../../../avr/lib/avr5/libm.a(divsf3x.o)
__divsf3x                                         /usr/lib/gcc/avr/4.9.2/../../../../avr/lib/avr5/libm.a(divsf3x.o)
                                                  /usr/lib/gcc/avr/4.9.2/../../../../avr/lib/avr5/libm.a(divsf3.o)
__do_clear_bss                                    /usr/lib/gcc/avr/4.9.2/avr5/libgcc.a(_clear_bss.o)
                                                  /home/Finland/AR_VR/AVR/LUFA-130901/LUFA/Drivers/USB/Core/USBTask.o
                                                  /home/Finland/AR_VR/AVR/LUFA-130901/LUFA/Drivers/USB/Core/DeviceStandardReq.o
                                                  GenericHID.o
                                                  ahrs/ahrs.o
                                                  ahrs/display.o
                                                  u8g_src/u8g_dev_st7565_nhd_c12864.o
                                                  u8g_src/u8g_dev_ssd1325_nhd27oled_bw_new.o
                                                  u8g_src/u8g_dev_uc1611_dogxl240.o
                                                  u8g_src/u8g_dev_pcf8812_96x65.o
                                                  u8g_src/u8g_dev_lc7981_240x128.o
                                                  u8g_src/u8g_dev_uc1610_dogxl160.o
                                                  u8g_src/u8g_dev_uc1608_240x64.o
                                                  u8g_src/u8g_dev_ssd1306_128x32.o
                                                  u8g_src/u8g_dev_st7565_nhd_c12832.o
                                                  u8g_src/u8g_dev_lc7981_320x64.o
                                                  u8g_src/u8g_dev_t6963_240x64.o
                                                  u8g_src/u8g_dev_ssd1322_nhd31oled_gr.o
                                                  u8g_src/u8g_dev_ht1632.o
                                                  u8g_src/u8g_dev_ssd1309_128x64.o
                                                  u8g_src/u8g_dev_ssd1306_128x64.o
                                                  u8g_src/u8g_polygon.o
                                                  u8g_src/chessengine.o
                                                  u8g_src/u8g_virtual_screen.o
                                                  u8g_src/u8g_dev_t6963_128x64.o
                                                  u8g_src/u8g_dev_st7565_64128n.o
                                                  u8g_src/u8g_dev_st7920_192x32.o
                                                  u8g_src/u8g_dev_ssd1327_96x96_gr.o
                                                  u8g_src/u8g_dev_lc7981_240x64.o
                                                  u8g_src/u8g_dev_flipdisc_2x7.o